#
# There is insufficient memory for the Java Runtime Environment to continue.
# Native memory allocation (malloc) failed to allocate 1115856 bytes for Chunk::new
# Possible reasons:
#   The system is out of physical RAM or swap space
#   The process is running with CompressedOops enabled, and the Java Heap may be blocking the growth of the native heap
# Possible solutions:
#   Reduce memory load on the system
#   Increase physical memory or swap space
#   Check if swap backing store is full
#   Decrease Java heap size (-Xmx/-Xms)
#   Decrease number of Java threads
#   Decrease Java thread stack sizes (-Xss)
#   Set larger code cache with -XX:ReservedCodeCacheSize=
#   JVM is running with Unscaled Compressed Oops mode in which the Java heap is
#     placed in the first 4GB address space. The Java Heap base address is the
#     maximum limit for the native heap growth. Please use -XX:HeapBaseMinAddress
#     to set the Java Heap base and to place the Java Heap above 4GB virtual address.
# This output file may be truncated or incomplete.
#
#  Out of Memory Error (arena.cpp:189), pid=6088, tid=29140
#
# JRE version: Java(TM) SE Runtime Environment (17.0.8+9) (build 17.0.8+9-LTS-211)
# Java VM: Java HotSpot(TM) 64-Bit Server VM (17.0.8+9-LTS-211, mixed mode, sharing, tiered, compressed oops, compressed class ptrs, g1 gc, windows-amd64)
# No core dump will be written. Minidumps are not enabled by default on client versions of Windows
#

---------------  S U M M A R Y ------------

Command Line: C:\Users\digis\AppData\Local\Temp\surefire15251671087145874017\surefirebooter-20260527140056381_3.jar C:\Users\digis\AppData\Local\Temp\surefire15251671087145874017 2026-05-27T14-00-56_150-jvmRun1 surefire-20260527140056381_1tmp surefire_0-20260527140056381_2tmp

Host: Intel(R) Core(TM) i3-N305, 8 cores, 7G,  Windows 11 , 64 bit Build 26100 (10.0.26100.8328)
Time: Wed May 27 14:01:05 2026 Central Standard Time (Mexico) elapsed time: 9.145201 seconds (0d 0h 0m 9s)

---------------  T H R E A D  ---------------

Current thread (0x0000020f737c1940):  JavaThread "C2 CompilerThread1" daemon [_thread_in_native, id=29140, stack(0x000000211a000000,0x000000211a100000)]


Current CompileTask:
C2:   9145 4908       4       org.springframework.core.ResolvableType::forType (112 bytes)

Stack: [0x000000211a000000,0x000000211a100000]
Native frames: (J=compiled Java code, j=interpreted, Vv=VM code, C=native code)
V  [jvm.dll+0x677d0a]
V  [jvm.dll+0x7d8c54]
V  [jvm.dll+0x7da3fe]
V  [jvm.dll+0x7daa63]
V  [jvm.dll+0x245c5f]
V  [jvm.dll+0xaaa6b]
V  [jvm.dll+0xab00c]
V  [jvm.dll+0x361e3f]
V  [jvm.dll+0x32c551]
V  [jvm.dll+0x32b9ea]
V  [jvm.dll+0x217fff]
V  [jvm.dll+0x217431]
V  [jvm.dll+0x1a3af0]
V  [jvm.dll+0x2270be]
V  [jvm.dll+0x22535b]
V  [jvm.dll+0x78e7bc]
V  [jvm.dll+0x788bba]
V  [jvm.dll+0x676b35]
C  [ucrtbase.dll+0x37b0]
C  [KERNEL32.DLL+0x2e957]
C  [ntdll.dll+0x427c]


---------------  P R O C E S S  ---------------

Threads class SMR info:
_java_thread_list=0x0000020f7297f180, length=21, elements={
0x0000020f0b400e20, 0x0000020f2b0af7b0, 0x0000020f2b0b0be0, 0x0000020f2b0cb0c0,
0x0000020f2b0cb980, 0x0000020f2b0ccdb0, 0x0000020f2b0ced50, 0x0000020f2b0d8570,
0x0000020f2b0fbab0, 0x0000020f2b0fc3c0, 0x0000020f2b347430, 0x0000020f2b353ee0,
0x0000020f2b5503b0, 0x0000020f2b809f80, 0x0000020f72431a30, 0x0000020f738abf60,
0x0000020f2b464450, 0x0000020f72e9a3a0, 0x0000020f72e9bbb0, 0x0000020f72e9c080,
0x0000020f737c1940
}

Java Threads: ( => current thread )
  0x0000020f0b400e20 JavaThread "main" [_thread_in_Java, id=27380, stack(0x0000002117a00000,0x0000002117b00000)]
  0x0000020f2b0af7b0 JavaThread "Reference Handler" daemon [_thread_blocked, id=14208, stack(0x0000002118100000,0x0000002118200000)]
  0x0000020f2b0b0be0 JavaThread "Finalizer" daemon [_thread_blocked, id=18720, stack(0x0000002118200000,0x0000002118300000)]
  0x0000020f2b0cb0c0 JavaThread "Signal Dispatcher" daemon [_thread_blocked, id=25056, stack(0x0000002118300000,0x0000002118400000)]
  0x0000020f2b0cb980 JavaThread "Attach Listener" daemon [_thread_blocked, id=5984, stack(0x0000002118400000,0x0000002118500000)]
  0x0000020f2b0ccdb0 JavaThread "Service Thread" daemon [_thread_blocked, id=6764, stack(0x0000002118500000,0x0000002118600000)]
  0x0000020f2b0ced50 JavaThread "Monitor Deflation Thread" daemon [_thread_blocked, id=24280, stack(0x0000002118600000,0x0000002118700000)]
  0x0000020f2b0d8570 JavaThread "C2 CompilerThread0" daemon [_thread_blocked, id=25860, stack(0x0000002118700000,0x0000002118800000)]
  0x0000020f2b0fbab0 JavaThread "C1 CompilerThread0" daemon [_thread_blocked, id=25416, stack(0x0000002118800000,0x0000002118900000)]
  0x0000020f2b0fc3c0 JavaThread "Sweeper thread" daemon [_thread_blocked, id=3264, stack(0x0000002118900000,0x0000002118a00000)]
  0x0000020f2b347430 JavaThread "Notification Thread" daemon [_thread_blocked, id=28752, stack(0x0000002118a00000,0x0000002118b00000)]
  0x0000020f2b353ee0 JavaThread "Common-Cleaner" daemon [_thread_blocked, id=30120, stack(0x0000002118c00000,0x0000002118d00000)]
  0x0000020f2b5503b0 JavaThread "surefire-forkedjvm-stream-flusher" daemon [_thread_blocked, id=25044, stack(0x0000002118e00000,0x0000002118f00000)]
  0x0000020f2b809f80 JavaThread "surefire-forkedjvm-command-thread" daemon [_thread_in_native, id=24540, stack(0x0000002118f00000,0x0000002119000000)]
  0x0000020f72431a30 JavaThread "oracle.jdbc.diagnostics.Diagnostic.CLOCK" daemon [_thread_blocked, id=24796, stack(0x0000002119900000,0x0000002119a00000)]
  0x0000020f738abf60 JavaThread "oracle.jdbc.driver.BlockSource.ThreadedCachingBlockSource.BlockReleaser" daemon [_thread_blocked, id=24964, stack(0x0000002119b00000,0x0000002119c00000)]
  0x0000020f2b464450 JavaThread "InterruptTimer" daemon [_thread_blocked, id=9656, stack(0x0000002119c00000,0x0000002119d00000)]
  0x0000020f72e9a3a0 JavaThread "OJDBC-WORKER-THREAD-1" daemon [_thread_blocked, id=3304, stack(0x0000002119e00000,0x0000002119f00000)]
  0x0000020f72e9bbb0 JavaThread "HikariPool-1:housekeeper" daemon [_thread_blocked, id=24884, stack(0x0000002119f00000,0x000000211a000000)]
  0x0000020f72e9c080 JavaThread "HikariPool-1:connection-adder" daemon [_thread_blocked, id=19076, stack(0x0000002119d00000,0x0000002119e00000)]
=>0x0000020f737c1940 JavaThread "C2 CompilerThread1" daemon [_thread_in_native, id=29140, stack(0x000000211a000000,0x000000211a100000)]

Other Threads:
  0x0000020f2b0a9f60 VMThread "VM Thread" [stack: 0x0000002118000000,0x0000002118100000] [id=26444]
  0x0000020f0b475870 WatcherThread [stack: 0x0000002118b00000,0x0000002118c00000] [id=21208]
  0x0000020f0b45c660 GCTaskThread "GC Thread#0" [stack: 0x0000002117b00000,0x0000002117c00000] [id=6724]
  0x0000020f71438ac0 GCTaskThread "GC Thread#1" [stack: 0x0000002119000000,0x0000002119100000] [id=28664]
  0x0000020f7129f610 GCTaskThread "GC Thread#2" [stack: 0x0000002119100000,0x0000002119200000] [id=20756]
  0x0000020f7141db00 GCTaskThread "GC Thread#3" [stack: 0x0000002119200000,0x0000002119300000] [id=11444]
  0x0000020f7141ddb0 GCTaskThread "GC Thread#4" [stack: 0x0000002119300000,0x0000002119400000] [id=6752]
  0x0000020f71892eb0 GCTaskThread "GC Thread#5" [stack: 0x0000002119600000,0x0000002119700000] [id=25576]
  0x0000020f71894180 GCTaskThread "GC Thread#6" [stack: 0x0000002119700000,0x0000002119800000] [id=6640]
  0x0000020f71893c20 GCTaskThread "GC Thread#7" [stack: 0x0000002119800000,0x0000002119900000] [id=28972]
  0x0000020f0b46c8f0 ConcurrentGCThread "G1 Main Marker" [stack: 0x0000002117c00000,0x0000002117d00000] [id=29288]
  0x0000020f0b46dde0 ConcurrentGCThread "G1 Conc#0" [stack: 0x0000002117d00000,0x0000002117e00000] [id=4432]
  0x0000020f718936c0 ConcurrentGCThread "G1 Conc#1" [stack: 0x0000002119a00000,0x0000002119b00000] [id=24232]
  0x0000020f0b4ceac0 ConcurrentGCThread "G1 Refine#0" [stack: 0x0000002117e00000,0x0000002117f00000] [id=25460]
  0x0000020f71439240 ConcurrentGCThread "G1 Refine#1" [stack: 0x0000002119400000,0x0000002119500000] [id=27248]
  0x0000020f7149a260 ConcurrentGCThread "G1 Refine#2" [stack: 0x0000002119500000,0x0000002119600000] [id=25992]
  0x0000020f2af55520 ConcurrentGCThread "G1 Service" [stack: 0x0000002117f00000,0x0000002118000000] [id=4580]

Threads with active compile tasks:
C2 CompilerThread1     9176 4908       4       org.springframework.core.ResolvableType::forType (112 bytes)

VM state: not at safepoint (normal execution)

VM Mutex/Monitor currently owned by a thread: None

Heap address: 0x0000000085600000, size: 1962 MB, Compressed Oops mode: 32-bit

CDS archive(s) mapped at: [0x0000020f2c000000-0x0000020f2cbd0000-0x0000020f2cbd0000), size 12386304, SharedBaseAddress: 0x0000020f2c000000, ArchiveRelocationMode: 1.
Compressed class space mapped at: 0x0000020f2d000000-0x0000020f6d000000, reserved size: 1073741824
Narrow klass base: 0x0000020f2c000000, Narrow klass shift: 0, Narrow klass range: 0x100000000

GC Precious Log:
 CPUs: 8 total, 8 available
 Memory: 7845M
 Large Page Support: Disabled
 NUMA Support: Disabled
 Compressed Oops: Enabled (32-bit)
 Heap Region Size: 1M
 Heap Min Capacity: 8M
 Heap Initial Capacity: 124M
 Heap Max Capacity: 1962M
 Pre-touch: Disabled
 Parallel Workers: 8
 Concurrent Workers: 2
 Concurrent Refinement Workers: 8
 Periodic GC: Disabled

Heap:
 garbage-first heap   total 86016K, used 31557K [0x0000000085600000, 0x0000000100000000)
  region size 1024K, 7 young (7168K), 4 survivors (4096K)
 Metaspace       used 60483K, committed 60992K, reserved 1114112K
  class space    used 8338K, committed 8576K, reserved 1048576K

Heap Regions: E=young(eden), S=young(survivor), O=old, HS=humongous(starts), HC=humongous(continues), CS=collection set, F=free, OA=open archive, CA=closed archive, TAMS=top-at-mark-start (previous, next)
|   0|0x0000000085600000, 0x0000000085700000, 0x0000000085700000|100%|HS|  |TAMS 0x0000000085700000, 0x0000000085600000| Complete 
|   1|0x0000000085700000, 0x0000000085800000, 0x0000000085800000|100%|HS|  |TAMS 0x0000000085800000, 0x0000000085700000| Complete 
|   2|0x0000000085800000, 0x0000000085900000, 0x0000000085900000|100%|HS|  |TAMS 0x0000000085900000, 0x0000000085800000| Complete 
|   3|0x0000000085900000, 0x0000000085a00000, 0x0000000085a00000|100%| O|  |TAMS 0x0000000085a00000, 0x0000000085900000| Untracked 
|   4|0x0000000085a00000, 0x0000000085b00000, 0x0000000085b00000|100%| O|  |TAMS 0x0000000085b00000, 0x0000000085a00000| Untracked 
|   5|0x0000000085b00000, 0x0000000085c00000, 0x0000000085c00000|100%| O|  |TAMS 0x0000000085c00000, 0x0000000085b00000| Untracked 
|   6|0x0000000085c00000, 0x0000000085d00000, 0x0000000085d00000|100%| O|  |TAMS 0x0000000085d00000, 0x0000000085c00000| Untracked 
|   7|0x0000000085d00000, 0x0000000085e00000, 0x0000000085e00000|100%| O|  |TAMS 0x0000000085e00000, 0x0000000085d00000| Untracked 
|   8|0x0000000085e00000, 0x0000000085f00000, 0x0000000085f00000|100%| O|  |TAMS 0x0000000085f00000, 0x0000000085e00000| Untracked 
|   9|0x0000000085f00000, 0x0000000086000000, 0x0000000086000000|100%| O|  |TAMS 0x0000000086000000, 0x0000000085f00000| Untracked 
|  10|0x0000000086000000, 0x0000000086100000, 0x0000000086100000|100%| O|  |TAMS 0x0000000086100000, 0x0000000086000000| Untracked 
|  11|0x0000000086100000, 0x00000000861f0400, 0x0000000086200000| 93%| O|  |TAMS 0x00000000861f0400, 0x0000000086100000| Untracked 
|  12|0x0000000086200000, 0x0000000086300000, 0x0000000086300000|100%| O|  |TAMS 0x0000000086300000, 0x0000000086200000| Untracked 
|  13|0x0000000086300000, 0x0000000086400000, 0x0000000086400000|100%| O|  |TAMS 0x0000000086400000, 0x0000000086300000| Untracked 
|  14|0x0000000086400000, 0x0000000086500000, 0x0000000086500000|100%| O|  |TAMS 0x0000000086500000, 0x0000000086400000| Untracked 
|  15|0x0000000086500000, 0x0000000086600000, 0x0000000086600000|100%| O|  |TAMS 0x0000000086600000, 0x0000000086500000| Untracked 
|  16|0x0000000086600000, 0x0000000086700000, 0x0000000086700000|100%| O|  |TAMS 0x0000000086700000, 0x0000000086600000| Untracked 
|  17|0x0000000086700000, 0x0000000086800000, 0x0000000086800000|100%| O|  |TAMS 0x0000000086800000, 0x0000000086700000| Untracked 
|  18|0x0000000086800000, 0x0000000086900000, 0x0000000086900000|100%| O|  |TAMS 0x0000000086900000, 0x0000000086800000| Untracked 
|  19|0x0000000086900000, 0x0000000086a00000, 0x0000000086a00000|100%| O|  |TAMS 0x0000000086a00000, 0x0000000086900000| Untracked 
|  20|0x0000000086a00000, 0x0000000086b00000, 0x0000000086b00000|100%| O|  |TAMS 0x0000000086b00000, 0x0000000086a00000| Untracked 
|  21|0x0000000086b00000, 0x0000000086c00000, 0x0000000086c00000|100%| O|  |TAMS 0x0000000086c00000, 0x0000000086b00000| Untracked 
|  22|0x0000000086c00000, 0x0000000086c2b200, 0x0000000086d00000| 16%| O|  |TAMS 0x0000000086c2b200, 0x0000000086c00000| Untracked 
|  23|0x0000000086d00000, 0x0000000086e00000, 0x0000000086e00000|100%| O|  |TAMS 0x0000000086d00000, 0x0000000086d00000| Untracked 
|  24|0x0000000086e00000, 0x0000000086f00000, 0x0000000086f00000|100%| O|  |TAMS 0x0000000086e00000, 0x0000000086e00000| Untracked 
|  25|0x0000000086f00000, 0x0000000086fdb800, 0x0000000087000000| 85%| O|  |TAMS 0x0000000086f00000, 0x0000000086f00000| Untracked 
|  26|0x0000000087000000, 0x0000000087000000, 0x0000000087100000|  0%| F|  |TAMS 0x0000000087000000, 0x0000000087000000| Untracked 
|  27|0x0000000087100000, 0x0000000087100000, 0x0000000087200000|  0%| F|  |TAMS 0x0000000087100000, 0x0000000087100000| Untracked 
|  28|0x0000000087200000, 0x0000000087200000, 0x0000000087300000|  0%| F|  |TAMS 0x0000000087200000, 0x0000000087200000| Untracked 
|  29|0x0000000087300000, 0x0000000087300000, 0x0000000087400000|  0%| F|  |TAMS 0x0000000087300000, 0x0000000087300000| Untracked 
|  30|0x0000000087400000, 0x0000000087400000, 0x0000000087500000|  0%| F|  |TAMS 0x0000000087400000, 0x0000000087400000| Untracked 
|  31|0x0000000087500000, 0x0000000087500000, 0x0000000087600000|  0%| F|  |TAMS 0x0000000087500000, 0x0000000087500000| Untracked 
|  32|0x0000000087600000, 0x0000000087600000, 0x0000000087700000|  0%| F|  |TAMS 0x0000000087600000, 0x0000000087600000| Untracked 
|  33|0x0000000087700000, 0x0000000087700000, 0x0000000087800000|  0%| F|  |TAMS 0x0000000087700000, 0x0000000087700000| Untracked 
|  34|0x0000000087800000, 0x0000000087800000, 0x0000000087900000|  0%| F|  |TAMS 0x0000000087800000, 0x0000000087800000| Untracked 
|  35|0x0000000087900000, 0x0000000087900000, 0x0000000087a00000|  0%| F|  |TAMS 0x0000000087900000, 0x0000000087900000| Untracked 
|  36|0x0000000087a00000, 0x0000000087a00000, 0x0000000087b00000|  0%| F|  |TAMS 0x0000000087a00000, 0x0000000087a00000| Untracked 
|  37|0x0000000087b00000, 0x0000000087b00000, 0x0000000087c00000|  0%| F|  |TAMS 0x0000000087b00000, 0x0000000087b00000| Untracked 
|  38|0x0000000087c00000, 0x0000000087c00000, 0x0000000087d00000|  0%| F|  |TAMS 0x0000000087c00000, 0x0000000087c00000| Untracked 
|  39|0x0000000087d00000, 0x0000000087d00000, 0x0000000087e00000|  0%| F|  |TAMS 0x0000000087d00000, 0x0000000087d00000| Untracked 
|  40|0x0000000087e00000, 0x0000000087e00000, 0x0000000087f00000|  0%| F|  |TAMS 0x0000000087e00000, 0x0000000087e00000| Untracked 
|  41|0x0000000087f00000, 0x0000000087f00000, 0x0000000088000000|  0%| F|  |TAMS 0x0000000087f00000, 0x0000000087f00000| Untracked 
|  42|0x0000000088000000, 0x0000000088000000, 0x0000000088100000|  0%| F|  |TAMS 0x0000000088000000, 0x0000000088000000| Untracked 
|  43|0x0000000088100000, 0x0000000088100000, 0x0000000088200000|  0%| F|  |TAMS 0x0000000088100000, 0x0000000088100000| Untracked 
|  44|0x0000000088200000, 0x0000000088200000, 0x0000000088300000|  0%| F|  |TAMS 0x0000000088200000, 0x0000000088200000| Untracked 
|  45|0x0000000088300000, 0x0000000088300000, 0x0000000088400000|  0%| F|  |TAMS 0x0000000088300000, 0x0000000088300000| Untracked 
|  46|0x0000000088400000, 0x0000000088400000, 0x0000000088500000|  0%| F|  |TAMS 0x0000000088400000, 0x0000000088400000| Untracked 
|  47|0x0000000088500000, 0x0000000088500000, 0x0000000088600000|  0%| F|  |TAMS 0x0000000088500000, 0x0000000088500000| Untracked 
|  48|0x0000000088600000, 0x0000000088600000, 0x0000000088700000|  0%| F|  |TAMS 0x0000000088600000, 0x0000000088600000| Untracked 
|  49|0x0000000088700000, 0x0000000088700000, 0x0000000088800000|  0%| F|  |TAMS 0x0000000088700000, 0x0000000088700000| Untracked 
|  50|0x0000000088800000, 0x0000000088800000, 0x0000000088900000|  0%| F|  |TAMS 0x0000000088800000, 0x0000000088800000| Untracked 
|  51|0x0000000088900000, 0x0000000088900000, 0x0000000088a00000|  0%| F|  |TAMS 0x0000000088900000, 0x0000000088900000| Untracked 
|  52|0x0000000088a00000, 0x0000000088a00000, 0x0000000088b00000|  0%| F|  |TAMS 0x0000000088a00000, 0x0000000088a00000| Untracked 
|  53|0x0000000088b00000, 0x0000000088b00000, 0x0000000088c00000|  0%| F|  |TAMS 0x0000000088b00000, 0x0000000088b00000| Untracked 
|  54|0x0000000088c00000, 0x0000000088c00000, 0x0000000088d00000|  0%| F|  |TAMS 0x0000000088c00000, 0x0000000088c00000| Untracked 
|  55|0x0000000088d00000, 0x0000000088dda740, 0x0000000088e00000| 85%| S|CS|TAMS 0x0000000088d00000, 0x0000000088d00000| Complete 
|  56|0x0000000088e00000, 0x0000000088f00000, 0x0000000088f00000|100%| S|CS|TAMS 0x0000000088e00000, 0x0000000088e00000| Complete 
|  57|0x0000000088f00000, 0x0000000089000000, 0x0000000089000000|100%| S|CS|TAMS 0x0000000088f00000, 0x0000000088f00000| Complete 
|  58|0x0000000089000000, 0x0000000089100000, 0x0000000089100000|100%| S|CS|TAMS 0x0000000089000000, 0x0000000089000000| Complete 
|  59|0x0000000089100000, 0x0000000089100000, 0x0000000089200000|  0%| F|  |TAMS 0x0000000089100000, 0x0000000089100000| Untracked 
|  60|0x0000000089200000, 0x0000000089200000, 0x0000000089300000|  0%| F|  |TAMS 0x0000000089200000, 0x0000000089200000| Untracked 
|  61|0x0000000089300000, 0x0000000089300000, 0x0000000089400000|  0%| F|  |TAMS 0x0000000089300000, 0x0000000089300000| Untracked 
|  62|0x0000000089400000, 0x0000000089400000, 0x0000000089500000|  0%| F|  |TAMS 0x0000000089400000, 0x0000000089400000| Untracked 
|  63|0x0000000089500000, 0x0000000089500000, 0x0000000089600000|  0%| F|  |TAMS 0x0000000089500000, 0x0000000089500000| Untracked 
|  64|0x0000000089600000, 0x0000000089600000, 0x0000000089700000|  0%| F|  |TAMS 0x0000000089600000, 0x0000000089600000| Untracked 
|  65|0x0000000089700000, 0x0000000089700000, 0x0000000089800000|  0%| F|  |TAMS 0x0000000089700000, 0x0000000089700000| Untracked 
|  66|0x0000000089800000, 0x0000000089800000, 0x0000000089900000|  0%| F|  |TAMS 0x0000000089800000, 0x0000000089800000| Untracked 
|  67|0x0000000089900000, 0x0000000089900000, 0x0000000089a00000|  0%| F|  |TAMS 0x0000000089900000, 0x0000000089900000| Untracked 
|  68|0x0000000089a00000, 0x0000000089a00000, 0x0000000089b00000|  0%| F|  |TAMS 0x0000000089a00000, 0x0000000089a00000| Untracked 
|  69|0x0000000089b00000, 0x0000000089b00000, 0x0000000089c00000|  0%| F|  |TAMS 0x0000000089b00000, 0x0000000089b00000| Untracked 
|  70|0x0000000089c00000, 0x0000000089c00000, 0x0000000089d00000|  0%| F|  |TAMS 0x0000000089c00000, 0x0000000089c00000| Untracked 
|  71|0x0000000089d00000, 0x0000000089d00000, 0x0000000089e00000|  0%| F|  |TAMS 0x0000000089d00000, 0x0000000089d00000| Untracked 
|  72|0x0000000089e00000, 0x0000000089e00000, 0x0000000089f00000|  0%| F|  |TAMS 0x0000000089e00000, 0x0000000089e00000| Untracked 
|  73|0x0000000089f00000, 0x0000000089f00000, 0x000000008a000000|  0%| F|  |TAMS 0x0000000089f00000, 0x0000000089f00000| Untracked 
|  74|0x000000008a000000, 0x000000008a000000, 0x000000008a100000|  0%| F|  |TAMS 0x000000008a000000, 0x000000008a000000| Untracked 
|  75|0x000000008a100000, 0x000000008a100000, 0x000000008a200000|  0%| F|  |TAMS 0x000000008a100000, 0x000000008a100000| Untracked 
|  76|0x000000008a200000, 0x000000008a200000, 0x000000008a300000|  0%| F|  |TAMS 0x000000008a200000, 0x000000008a200000| Untracked 
|  77|0x000000008a300000, 0x000000008a300000, 0x000000008a400000|  0%| F|  |TAMS 0x000000008a300000, 0x000000008a300000| Untracked 
|  78|0x000000008a400000, 0x000000008a400000, 0x000000008a500000|  0%| F|  |TAMS 0x000000008a400000, 0x000000008a400000| Untracked 
|  79|0x000000008a500000, 0x000000008a500000, 0x000000008a600000|  0%| F|  |TAMS 0x000000008a500000, 0x000000008a500000| Untracked 
|  80|0x000000008a600000, 0x000000008a600000, 0x000000008a700000|  0%| F|  |TAMS 0x000000008a600000, 0x000000008a600000| Untracked 
|  81|0x000000008a700000, 0x000000008a780800, 0x000000008a800000| 50%| E|  |TAMS 0x000000008a700000, 0x000000008a700000| Complete 
|  82|0x000000008a800000, 0x000000008a900000, 0x000000008a900000|100%| E|CS|TAMS 0x000000008a800000, 0x000000008a800000| Complete 
| 123|0x000000008d100000, 0x000000008d200000, 0x000000008d200000|100%| E|CS|TAMS 0x000000008d100000, 0x000000008d100000| Complete 

Card table byte_map: [0x0000020f240f0000,0x0000020f244d0000] _byte_map_base: 0x0000020f23cc5000

Marking Bits (Prev, Next): (CMBitMap*) 0x0000020f0b45cac0, (CMBitMap*) 0x0000020f0b45ca80
 Prev Bits: [0x0000020f26760000, 0x0000020f28608000)
 Next Bits: [0x0000020f248b0000, 0x0000020f26758000)

Polling page: 0x0000020f0b160000

Metaspace:

Usage:
  Non-class:     50.93 MB used.
      Class:      8.15 MB used.
       Both:     59.08 MB used.

Virtual space:
  Non-class space:       64.00 MB reserved,      51.19 MB ( 80%) committed,  1 nodes.
      Class space:        1.00 GB reserved,       8.38 MB ( <1%) committed,  1 nodes.
             Both:        1.06 GB reserved,      59.56 MB (  5%) committed. 

Chunk freelists:
   Non-Class:  11.97 MB
       Class:  7.61 MB
        Both:  19.58 MB

MaxMetaspaceSize: unlimited
CompressedClassSpaceSize: 1.00 GB
Initial GC threshold: 21.00 MB
Current GC threshold: 98.44 MB
CDS: on
MetaspaceReclaimPolicy: balanced
 - commit_granule_bytes: 65536.
 - commit_granule_words: 8192.
 - virtual_space_node_default_size: 8388608.
 - enlarge_chunks_in_place: 1.
 - new_chunks_are_fully_committed: 0.
 - uncommit_free_chunks: 1.
 - use_allocation_guard: 0.
 - handle_deallocations: 1.


Internal statistics:

num_allocs_failed_limit: 11.
num_arena_births: 648.
num_arena_deaths: 0.
num_vsnodes_births: 2.
num_vsnodes_deaths: 0.
num_space_committed: 953.
num_space_uncommitted: 0.
num_chunks_returned_to_freelist: 11.
num_chunks_taken_from_freelist: 2788.
num_chunk_merges: 11.
num_chunk_splits: 2033.
num_chunks_enlarged: 1621.
num_purges: 0.
num_inconsistent_stats: 0.

CodeHeap 'non-profiled nmethods': size=120000Kb used=2488Kb max_used=2974Kb free=117511Kb
 bounds [0x0000020f1bd70000, 0x0000020f1c060000, 0x0000020f232a0000]
CodeHeap 'profiled nmethods': size=120000Kb used=8321Kb max_used=9769Kb free=111678Kb
 bounds [0x0000020f142a0000, 0x0000020f14c30000, 0x0000020f1b7d0000]
CodeHeap 'non-nmethods': size=5760Kb used=1322Kb max_used=1345Kb free=4437Kb
 bounds [0x0000020f1b7d0000, 0x0000020f1ba40000, 0x0000020f1bd70000]
 total_blobs=4908 nmethods=4252 adapters=568
 compilation: enabled
              stopped_count=0, restarted_count=0
 full_count=0

Compilation events (20 events):
Event: 8.121 Thread 0x0000020f2b0fbab0 4983       3       org.hibernate.validator.internal.metadata.aggregated.CascadingMetaDataBuilder::isMarkedForCascadingOnAnnotatedObjectOrContainerElements (20 bytes)
Event: 8.122 Thread 0x0000020f2b0fbab0 nmethod 4983 0x0000020f14825710 code [0x0000020f148258a0, 0x0000020f14825a58]
Event: 8.122 Thread 0x0000020f2b0fbab0 4984       3       org.hibernate.validator.internal.properties.javabean.JavaBeanExecutable::isResolvedToSameMethodInHierarchy (23 bytes)
Event: 8.122 Thread 0x0000020f2b0fbab0 nmethod 4984 0x0000020f1498df90 code [0x0000020f1498e160, 0x0000020f1498e5a8]
Event: 8.122 Thread 0x0000020f2b0fbab0 4985       1       org.hibernate.validator.internal.metadata.aggregated.NonContainerCascadingMetaData::isMarkedForCascadingOnAnnotatedObjectOrContainerElements (5 bytes)
Event: 8.122 Thread 0x0000020f2b0fbab0 nmethod 4985 0x0000020f1be28790 code [0x0000020f1be28920, 0x0000020f1be289f8]
Event: 8.122 Thread 0x0000020f2b0fbab0 4986       3       java.util.stream.AbstractPipeline::onClose (52 bytes)
Event: 8.126 Thread 0x0000020f2b0fbab0 nmethod 4986 0x0000020f14483e90 code [0x0000020f14484080, 0x0000020f144845a8]
Event: 8.126 Thread 0x0000020f2b0fbab0 4988       3       java.util.HashMap$KeySpliterator::forEachRemaining (186 bytes)
Event: 8.127 Thread 0x0000020f2b0fbab0 nmethod 4988 0x0000020f14483190 code [0x0000020f144833a0, 0x0000020f14483c08]
Event: 8.127 Thread 0x0000020f2b0fbab0 4987       3       java.util.HashMap$KeySpliterator::<init> (12 bytes)
Event: 8.127 Thread 0x0000020f2b0fbab0 nmethod 4987 0x0000020f146f2e90 code [0x0000020f146f3040, 0x0000020f146f3278]
Event: 8.127 Thread 0x0000020f2b0fbab0 4989       1       org.hibernate.validator.internal.metadata.raw.AbstractConstrainedElement::getConstraints (5 bytes)
Event: 8.128 Thread 0x0000020f2b0fbab0 nmethod 4989 0x0000020f1be28490 code [0x0000020f1be28620, 0x0000020f1be286f8]
Event: 8.128 Thread 0x0000020f2b0fbab0 4990       1       org.hibernate.validator.internal.metadata.aggregated.AbstractConstraintMetaData::isCascading (5 bytes)
Event: 8.128 Thread 0x0000020f2b0fbab0 nmethod 4990 0x0000020f1be28190 code [0x0000020f1be28320, 0x0000020f1be283f8]
Event: 8.448 Thread 0x0000020f2b0fbab0 4991       3       java.util.concurrent.ScheduledThreadPoolExecutor::canRunInCurrentRunState (61 bytes)
Event: 8.449 Thread 0x0000020f2b0fbab0 nmethod 4991 0x0000020f146f2210 code [0x0000020f146f2420, 0x0000020f146f2c28]
Event: 9.103 Thread 0x0000020f2b0fbab0 4992       3       java.util.concurrent.ThreadPoolExecutor::workerCountOf (5 bytes)
Event: 9.104 Thread 0x0000020f2b0fbab0 nmethod 4992 0x0000020f14331d10 code [0x0000020f14331ea0, 0x0000020f14331f98]

GC Heap History (20 events):
Event: 2.555 GC heap before
{Heap before GC invocations=2 (full 0):
 garbage-first heap   total 126976K, used 60664K [0x0000000085600000, 0x0000000100000000)
  region size 1024K, 49 young (50176K), 2 survivors (2048K)
 Metaspace       used 20416K, committed 20864K, reserved 1114112K
  class space    used 2880K, committed 3072K, reserved 1048576K
}
Event: 2.560 GC heap after
{Heap after GC invocations=3 (full 0):
 garbage-first heap   total 126976K, used 15790K [0x0000000085600000, 0x0000000100000000)
  region size 1024K, 5 young (5120K), 5 survivors (5120K)
 Metaspace       used 20416K, committed 20864K, reserved 1114112K
  class space    used 2880K, committed 3072K, reserved 1048576K
}
Event: 2.629 GC heap before
{Heap before GC invocations=3 (full 0):
 garbage-first heap   total 126976K, used 19886K [0x0000000085600000, 0x0000000100000000)
  region size 1024K, 10 young (10240K), 5 survivors (5120K)
 Metaspace       used 21170K, committed 21504K, reserved 1114112K
  class space    used 2964K, committed 3136K, reserved 1048576K
}
Event: 2.633 GC heap after
{Heap after GC invocations=4 (full 0):
 garbage-first heap   total 126976K, used 16321K [0x0000000085600000, 0x0000000100000000)
  region size 1024K, 4 young (4096K), 4 survivors (4096K)
 Metaspace       used 21170K, committed 21504K, reserved 1114112K
  class space    used 2964K, committed 3136K, reserved 1048576K
}
Event: 3.059 GC heap before
{Heap before GC invocations=5 (full 0):
 garbage-first heap   total 58368K, used 44993K [0x0000000085600000, 0x0000000100000000)
  region size 1024K, 33 young (33792K), 4 survivors (4096K)
 Metaspace       used 26172K, committed 26560K, reserved 1114112K
  class space    used 3553K, committed 3712K, reserved 1048576K
}
Event: 3.064 GC heap after
{Heap after GC invocations=6 (full 0):
 garbage-first heap   total 58368K, used 18286K [0x0000000085600000, 0x0000000100000000)
  region size 1024K, 3 young (3072K), 3 survivors (3072K)
 Metaspace       used 26172K, committed 26560K, reserved 1114112K
  class space    used 3553K, committed 3712K, reserved 1048576K
}
Event: 3.085 GC heap before
{Heap before GC invocations=6 (full 0):
 garbage-first heap   total 58368K, used 19310K [0x0000000085600000, 0x0000000100000000)
  region size 1024K, 4 young (4096K), 3 survivors (3072K)
 Metaspace       used 26455K, committed 26880K, reserved 1114112K
  class space    used 3585K, committed 3776K, reserved 1048576K
}
Event: 3.089 GC heap after
{Heap after GC invocations=7 (full 0):
 garbage-first heap   total 58368K, used 18744K [0x0000000085600000, 0x0000000100000000)
  region size 1024K, 1 young (1024K), 1 survivors (1024K)
 Metaspace       used 26455K, committed 26880K, reserved 1114112K
  class space    used 3585K, committed 3776K, reserved 1048576K
}
Event: 3.598 GC heap before
{Heap before GC invocations=7 (full 0):
 garbage-first heap   total 58368K, used 40248K [0x0000000085600000, 0x0000000100000000)
  region size 1024K, 22 young (22528K), 1 survivors (1024K)
 Metaspace       used 29531K, committed 29952K, reserved 1114112K
  class space    used 3972K, committed 4160K, reserved 1048576K
}
Event: 3.602 GC heap after
{Heap after GC invocations=8 (full 0):
 garbage-first heap   total 58368K, used 20381K [0x0000000085600000, 0x0000000100000000)
  region size 1024K, 3 young (3072K), 3 survivors (3072K)
 Metaspace       used 29531K, committed 29952K, reserved 1114112K
  class space    used 3972K, committed 4160K, reserved 1048576K
}
Event: 4.304 GC heap before
{Heap before GC invocations=8 (full 0):
 garbage-first heap   total 58368K, used 41885K [0x0000000085600000, 0x0000000100000000)
  region size 1024K, 24 young (24576K), 3 survivors (3072K)
 Metaspace       used 33720K, committed 34112K, reserved 1114112K
  class space    used 4566K, committed 4736K, reserved 1048576K
}
Event: 4.313 GC heap after
{Heap after GC invocations=9 (full 0):
 garbage-first heap   total 58368K, used 22846K [0x0000000085600000, 0x0000000100000000)
  region size 1024K, 3 young (3072K), 3 survivors (3072K)
 Metaspace       used 33720K, committed 34112K, reserved 1114112K
  class space    used 4566K, committed 4736K, reserved 1048576K
}
Event: 4.566 GC heap before
{Heap before GC invocations=9 (full 0):
 garbage-first heap   total 58368K, used 31038K [0x0000000085600000, 0x0000000100000000)
  region size 1024K, 12 young (12288K), 3 survivors (3072K)
 Metaspace       used 35806K, committed 36160K, reserved 1114112K
  class space    used 4756K, committed 4928K, reserved 1048576K
}
Event: 4.572 GC heap after
{Heap after GC invocations=10 (full 0):
 garbage-first heap   total 92160K, used 23518K [0x0000000085600000, 0x0000000100000000)
  region size 1024K, 1 young (1024K), 1 survivors (1024K)
 Metaspace       used 35806K, committed 36160K, reserved 1114112K
  class space    used 4756K, committed 4928K, reserved 1048576K
}
Event: 5.929 GC heap before
{Heap before GC invocations=11 (full 0):
 garbage-first heap   total 86016K, used 67550K [0x0000000085600000, 0x0000000100000000)
  region size 1024K, 44 young (45056K), 1 survivors (1024K)
 Metaspace       used 44136K, committed 44608K, reserved 1114112K
  class space    used 6240K, committed 6464K, reserved 1048576K
}
Event: 5.936 GC heap after
{Heap after GC invocations=12 (full 0):
 garbage-first heap   total 86016K, used 25673K [0x0000000085600000, 0x0000000100000000)
  region size 1024K, 3 young (3072K), 3 survivors (3072K)
 Metaspace       used 44136K, committed 44608K, reserved 1114112K
  class space    used 6240K, committed 6464K, reserved 1048576K
}
Event: 7.482 GC heap before
{Heap before GC invocations=12 (full 0):
 garbage-first heap   total 86016K, used 64585K [0x0000000085600000, 0x0000000100000000)
  region size 1024K, 41 young (41984K), 3 survivors (3072K)
 Metaspace       used 55290K, committed 55744K, reserved 1114112K
  class space    used 7681K, committed 7872K, reserved 1048576K
}
Event: 7.491 GC heap after
{Heap after GC invocations=13 (full 0):
 garbage-first heap   total 86016K, used 27992K [0x0000000085600000, 0x0000000100000000)
  region size 1024K, 6 young (6144K), 6 survivors (6144K)
 Metaspace       used 55290K, committed 55744K, reserved 1114112K
  class space    used 7681K, committed 7872K, reserved 1048576K
}
Event: 8.094 GC heap before
{Heap before GC invocations=13 (full 0):
 garbage-first heap   total 86016K, used 51544K [0x0000000085600000, 0x0000000100000000)
  region size 1024K, 31 young (31744K), 6 survivors (6144K)
 Metaspace       used 59960K, committed 60416K, reserved 1114112K
  class space    used 8288K, committed 8512K, reserved 1048576K
}
Event: 8.104 GC heap after
{Heap after GC invocations=14 (full 0):
 garbage-first heap   total 86016K, used 29509K [0x0000000085600000, 0x0000000100000000)
  region size 1024K, 4 young (4096K), 4 survivors (4096K)
 Metaspace       used 59960K, committed 60416K, reserved 1114112K
  class space    used 8288K, committed 8512K, reserved 1048576K
}

Deoptimization events (20 events):
Event: 7.104 Thread 0x0000020f72e9c080 DEOPT PACKING pc=0x0000020f14c19ed5 sp=0x0000002119dfdf10
Event: 7.104 Thread 0x0000020f72e9c080 DEOPT UNPACKING pc=0x0000020f1b822b43 sp=0x0000002119dfd398 mode 0
Event: 7.104 Thread 0x0000020f72e9c080 Uncommon trap: trap_request=0xffffff45 fr.pc=0x0000020f1c052360 relative=0x0000000000001fe0
Event: 7.104 Thread 0x0000020f72e9c080 Uncommon trap: reason=unstable_if action=reinterpret pc=0x0000020f1c052360 method=com.sun.crypto.provider.PBKDF2KeyImpl.deriveKey(Ljavax/crypto/Mac;[B[BII)[B @ 172 c2
Event: 7.104 Thread 0x0000020f72e9c080 DEOPT PACKING pc=0x0000020f1c052360 sp=0x0000002119dfe110
Event: 7.104 Thread 0x0000020f72e9c080 DEOPT UNPACKING pc=0x0000020f1b8223a3 sp=0x0000002119dfe118 mode 2
Event: 7.105 Thread 0x0000020f72e9c080 DEOPT PACKING pc=0x0000020f14c19ed5 sp=0x0000002119dfdd90
Event: 7.105 Thread 0x0000020f72e9c080 DEOPT UNPACKING pc=0x0000020f1b822b43 sp=0x0000002119dfd218 mode 0
Event: 7.519 Thread 0x0000020f0b400e20 Uncommon trap: trap_request=0xffffffde fr.pc=0x0000020f1bf76bec relative=0x000000000000114c
Event: 7.519 Thread 0x0000020f0b400e20 Uncommon trap: reason=class_check action=maybe_recompile pc=0x0000020f1bf76bec method=java.util.concurrent.ConcurrentHashMap.putVal(Ljava/lang/Object;Ljava/lang/Object;Z)Ljava/lang/Object; @ 242 c2
Event: 7.519 Thread 0x0000020f0b400e20 DEOPT PACKING pc=0x0000020f1bf76bec sp=0x0000002117afa300
Event: 7.519 Thread 0x0000020f0b400e20 DEOPT UNPACKING pc=0x0000020f1b8223a3 sp=0x0000002117afa280 mode 2
Event: 7.544 Thread 0x0000020f0b400e20 Uncommon trap: trap_request=0xffffffde fr.pc=0x0000020f1bf76b84 relative=0x00000000000010e4
Event: 7.544 Thread 0x0000020f0b400e20 Uncommon trap: reason=class_check action=maybe_recompile pc=0x0000020f1bf76b84 method=java.util.concurrent.ConcurrentHashMap.putVal(Ljava/lang/Object;Ljava/lang/Object;Z)Ljava/lang/Object; @ 159 c2
Event: 7.544 Thread 0x0000020f0b400e20 DEOPT PACKING pc=0x0000020f1bf76b84 sp=0x0000002117afa470
Event: 7.544 Thread 0x0000020f0b400e20 DEOPT UNPACKING pc=0x0000020f1b8223a3 sp=0x0000002117afa400 mode 2
Event: 7.545 Thread 0x0000020f0b400e20 Uncommon trap: trap_request=0xffffffde fr.pc=0x0000020f1bf76b84 relative=0x00000000000010e4
Event: 7.545 Thread 0x0000020f0b400e20 Uncommon trap: reason=class_check action=maybe_recompile pc=0x0000020f1bf76b84 method=java.util.concurrent.ConcurrentHashMap.putVal(Ljava/lang/Object;Ljava/lang/Object;Z)Ljava/lang/Object; @ 159 c2
Event: 7.545 Thread 0x0000020f0b400e20 DEOPT PACKING pc=0x0000020f1bf76b84 sp=0x0000002117afa470
Event: 7.545 Thread 0x0000020f0b400e20 DEOPT UNPACKING pc=0x0000020f1b8223a3 sp=0x0000002117afa400 mode 2

Classes unloaded (0 events):
No events

Classes redefined (0 events):
No events

Internal exceptions (20 events):
Event: 3.992 Thread 0x0000020f0b400e20 Exception <a 'java/lang/IncompatibleClassChangeError'{0x0000000088296c28}: Found class java.lang.Object, but interface was expected> (0x0000000088296c28) 
thrown [s\open\src\hotspot\share\interpreter\linkResolver.cpp, line 826]
Event: 4.100 Thread 0x0000020f0b400e20 Exception <a 'java/lang/NoSuchMethodError'{0x0000000087e276f0}: 'java.lang.Object java.lang.invoke.DirectMethodHandle$Holder.invokeSpecialIFC(java.lang.Object, java.lang.Object, java.lang.Object)'> (0x0000000087e276f0) 
thrown [s\open\src\hotspot\share\interpreter\linkResolver.cpp, line 759]
Event: 4.130 Thread 0x0000020f0b400e20 Exception <a 'java/lang/NoSuchMethodError'{0x0000000087d46730}: 'void java.lang.invoke.DirectMethodHandle$Holder.invokeVirtual(java.lang.Object, java.lang.Object, int)'> (0x0000000087d46730) 
thrown [s\open\src\hotspot\share\interpreter\linkResolver.cpp, line 759]
Event: 4.134 Thread 0x0000020f0b400e20 Exception <a 'java/lang/NoSuchMethodError'{0x0000000087d72048}: 'void java.lang.invoke.DirectMethodHandle$Holder.invokeVirtual(java.lang.Object, java.lang.Object, long)'> (0x0000000087d72048) 
thrown [s\open\src\hotspot\share\interpreter\linkResolver.cpp, line 759]
Event: 4.203 Thread 0x0000020f0b400e20 Exception <a 'java/lang/IncompatibleClassChangeError'{0x0000000087b05070}: Found class java.lang.Object, but interface was expected> (0x0000000087b05070) 
thrown [s\open\src\hotspot\share\interpreter\linkResolver.cpp, line 826]
Event: 4.328 Thread 0x0000020f0b400e20 Exception <a 'java/lang/NoClassDefFoundError'{0x000000008d1dc6a8}: oracle/security/pki/OraclePKIProvider> (0x000000008d1dc6a8) 
thrown [s\open\src\hotspot\share\classfile\systemDictionary.cpp, line 245]
Event: 4.480 Thread 0x0000020f0b400e20 Implicit null exception at 0x0000020f1bf49727 to 0x0000020f1bf49954
Event: 4.486 Thread 0x0000020f0b400e20 Exception <a 'sun/nio/fs/WindowsException'{0x00000000888dd788}> (0x00000000888dd788) 
thrown [s\open\src\hotspot\share\prims\jni.cpp, line 516]
Event: 4.486 Thread 0x0000020f0b400e20 Exception <a 'sun/nio/fs/WindowsException'{0x00000000888e17f0}> (0x00000000888e17f0) 
thrown [s\open\src\hotspot\share\prims\jni.cpp, line 516]
Event: 4.929 Thread 0x0000020f0b400e20 Exception <a 'java/lang/NoSuchMethodError'{0x000000008a2c74d0}: 'java.lang.Object java.lang.invoke.DirectMethodHandle$Holder.invokeStaticInit(java.lang.Object, java.lang.Object, int, int, int, int)'> (0x000000008a2c74d0) 
thrown [s\open\src\hotspot\share\interpreter\linkResolver.cpp, line 759]
Event: 6.145 Thread 0x0000020f0b400e20 Exception <a 'java/lang/NoSuchMethodError'{0x000000008a4ff2d0}: 'java.lang.Object java.lang.invoke.DirectMethodHandle$Holder.invokeStaticInit(java.lang.Object, java.lang.Object, java.lang.Object, java.lang.Object)'> (0x000000008a4ff2d0) 
thrown [s\open\src\hotspot\share\interpreter\linkResolver.cpp, line 759]
Event: 6.169 Thread 0x0000020f0b400e20 Exception <a 'java/lang/NoClassDefFoundError'{0x000000008a3c0e68}: oracle/dms/console/DMSConsole> (0x000000008a3c0e68) 
thrown [s\open\src\hotspot\share\classfile\systemDictionary.cpp, line 245]
Event: 6.169 Thread 0x0000020f0b400e20 Exception <a 'java/lang/reflect/InvocationTargetException'{0x000000008a3c1e80}> (0x000000008a3c1e80) 
thrown [s\open\src\hotspot\share\runtime\reflection.cpp, line 1121]
Event: 6.333 Thread 0x0000020f0b400e20 Exception <a 'java/lang/NoSuchMethodError'{0x0000000089f5d6f8}: 'java.lang.Object java.lang.invoke.DirectMethodHandle$Holder.newInvokeSpecial(java.lang.Object, java.lang.Object, java.lang.Object, int)'> (0x0000000089f5d6f8) 
thrown [s\open\src\hotspot\share\interpreter\linkResolver.cpp, line 759]
Event: 6.333 Thread 0x0000020f0b400e20 Exception <a 'java/lang/NoSuchMethodError'{0x0000000089f62210}: 'java.lang.Object java.lang.invoke.DirectMethodHandle$Holder.invokeSpecial(java.lang.Object, java.lang.Object, java.lang.Object, java.lang.Object, int)'> (0x0000000089f62210) 
thrown [s\open\src\hotspot\share\interpreter\linkResolver.cpp, line 759]
Event: 6.334 Thread 0x0000020f0b400e20 Exception <a 'java/lang/NoSuchMethodError'{0x0000000089f66688}: 'java.lang.Object java.lang.invoke.Invokers$Holder.linkToTargetMethod(java.lang.Object, java.lang.Object, int, java.lang.Object)'> (0x0000000089f66688) 
thrown [s\open\src\hotspot\share\interpreter\linkResolver.cpp, line 759]
Event: 6.604 Thread 0x0000020f0b400e20 Exception <a 'java/lang/NoSuchMethodError'{0x0000000089fd9130}: 'java.lang.Object java.lang.invoke.DirectMethodHandle$Holder.invokeVirtual(java.lang.Object, java.lang.Object, int)'> (0x0000000089fd9130) 
thrown [s\open\src\hotspot\share\interpreter\linkResolver.cpp, line 759]
Event: 6.629 Thread 0x0000020f0b400e20 Exception <a 'sun/nio/fs/WindowsException'{0x0000000089e9e380}> (0x0000000089e9e380) 
thrown [s\open\src\hotspot\share\prims\jni.cpp, line 516]
Event: 6.833 Thread 0x0000020f0b400e20 Implicit null exception at 0x0000020f1c04c7d3 to 0x0000020f1c04d134
Event: 7.560 Thread 0x0000020f0b400e20 Exception <a 'java/lang/NoSuchMethodError'{0x000000008a673d18}: 'java.lang.Object java.lang.invoke.DirectMethodHandle$Holder.newInvokeSpecial(java.lang.Object, java.lang.Object, java.lang.Object, java.lang.Object, java.lang.Object, int, java.lang.Object)'> (0x000000008a673d18) 
thrown [s\open\src\hotspot\share\interpreter\linkResolver.cpp, line 759]

VM Operations (20 events):
Event: 6.939 Executing VM operation: HandshakeAllThreads
Event: 6.939 Executing VM operation: HandshakeAllThreads done
Event: 6.939 Executing VM operation: HandshakeAllThreads
Event: 6.939 Executing VM operation: HandshakeAllThreads done
Event: 6.997 Executing VM operation: HandshakeAllThreads
Event: 6.997 Executing VM operation: HandshakeAllThreads done
Event: 6.997 Executing VM operation: Cleanup
Event: 6.997 Executing VM operation: Cleanup done
Event: 7.040 Executing VM operation: HandshakeAllThreads
Event: 7.040 Executing VM operation: HandshakeAllThreads done
Event: 7.051 Executing VM operation: HandshakeAllThreads
Event: 7.051 Executing VM operation: HandshakeAllThreads done
Event: 7.482 Executing VM operation: G1CollectForAllocation
Event: 7.491 Executing VM operation: G1CollectForAllocation done
Event: 8.094 Executing VM operation: CollectForMetadataAllocation
Event: 8.104 Executing VM operation: CollectForMetadataAllocation done
Event: 8.122 Executing VM operation: G1Concurrent
Event: 8.126 Executing VM operation: G1Concurrent done
Event: 8.135 Executing VM operation: G1Concurrent
Event: 8.135 Executing VM operation: G1Concurrent done

Events (20 events):
Event: 7.735 loading class jdk/internal/ValueBased
Event: 7.735 loading class jdk/internal/ValueBased done
Event: 7.828 loading class java/math/MutableBigInteger
Event: 7.828 loading class java/math/MutableBigInteger done
Event: 7.918 loading class javax/naming/RefAddr
Event: 7.918 loading class javax/naming/RefAddr done
Event: 7.918 loading class javax/naming/StringRefAddr
Event: 7.919 loading class javax/naming/StringRefAddr done
Event: 7.968 loading class java/util/concurrent/CompletableFuture$AltResult
Event: 7.968 loading class java/util/concurrent/CompletableFuture$AltResult done
Event: 7.968 loading class java/util/concurrent/CompletableFuture$Completion
Event: 7.969 loading class java/util/concurrent/CompletableFuture$AsynchronousCompletionTask
Event: 7.969 loading class java/util/concurrent/CompletableFuture$AsynchronousCompletionTask done
Event: 7.969 loading class java/util/concurrent/CompletableFuture$Completion done
Event: 8.047 loading class java/util/WeakHashMap$EntrySet
Event: 8.048 loading class java/util/WeakHashMap$EntrySet done
Event: 8.048 loading class java/util/WeakHashMap$EntryIterator
Event: 8.048 loading class java/util/WeakHashMap$HashIterator
Event: 8.048 loading class java/util/WeakHashMap$HashIterator done
Event: 8.048 loading class java/util/WeakHashMap$EntryIterator done


Dynamic libraries:
0x00007ff72c640000 - 0x00007ff72c650000 	C:\Program Files\Java\jdk-17\bin\java.exe
0x00007ff837480000 - 0x00007ff8376e7000 	C:\WINDOWS\SYSTEM32\ntdll.dll
0x00007ff836420000 - 0x00007ff8364e9000 	C:\WINDOWS\System32\KERNEL32.DLL
0x00007ff834b40000 - 0x00007ff834f37000 	C:\WINDOWS\System32\KERNELBASE.dll
0x00007ff834ff0000 - 0x00007ff83513b000 	C:\WINDOWS\System32\ucrtbase.dll
0x00007ff830bd0000 - 0x00007ff830be9000 	C:\Program Files\Java\jdk-17\bin\jli.dll
0x00007ff82c840000 - 0x00007ff82c85b000 	C:\Program Files\Java\jdk-17\bin\VCRUNTIME140.dll
0x00007ff836820000 - 0x00007ff8368d6000 	C:\WINDOWS\System32\ADVAPI32.dll
0x00007ff836370000 - 0x00007ff836419000 	C:\WINDOWS\System32\msvcrt.dll
0x00007ff8368e0000 - 0x00007ff836987000 	C:\WINDOWS\System32\sechost.dll
0x00007ff8354f0000 - 0x00007ff835608000 	C:\WINDOWS\System32\RPCRT4.dll
0x00007ff835910000 - 0x00007ff835ad6000 	C:\WINDOWS\System32\USER32.dll
0x00007ff8341f0000 - 0x00007ff834217000 	C:\WINDOWS\System32\win32u.dll
0x00007ff812a80000 - 0x00007ff812d12000 	C:\WINDOWS\WinSxS\amd64_microsoft.windows.common-controls_6595b64144ccf1df_6.0.26100.8457_none_3e0b2faee331e92d\COMCTL32.dll
0x00007ff8353b0000 - 0x00007ff8353db000 	C:\WINDOWS\System32\GDI32.dll
0x00007ff833f40000 - 0x00007ff83406c000 	C:\WINDOWS\System32\gdi32full.dll
0x00007ff834f40000 - 0x00007ff834fe3000 	C:\WINDOWS\System32\msvcp_win.dll
0x00007ff81f4a0000 - 0x00007ff81f4ab000 	C:\WINDOWS\SYSTEM32\VERSION.dll
0x00007ff837400000 - 0x00007ff837432000 	C:\WINDOWS\System32\IMM32.DLL
0x00007ff82c830000 - 0x00007ff82c83c000 	C:\Program Files\Java\jdk-17\bin\vcruntime140_1.dll
0x00007ff820540000 - 0x00007ff8205ce000 	C:\Program Files\Java\jdk-17\bin\msvcp140.dll
0x00007fff950b0000 - 0x00007fff95c8e000 	C:\Program Files\Java\jdk-17\bin\server\jvm.dll
0x00007ff837370000 - 0x00007ff837378000 	C:\WINDOWS\System32\PSAPI.DLL
0x00007ff8036a0000 - 0x00007ff8036aa000 	C:\WINDOWS\SYSTEM32\WSOCK32.dll
0x00007ff836260000 - 0x00007ff8362e0000 	C:\WINDOWS\System32\WS2_32.dll
0x00007ff828fe0000 - 0x00007ff829016000 	C:\WINDOWS\SYSTEM32\WINMM.dll
0x00007ff832c40000 - 0x00007ff832c5b000 	C:\WINDOWS\SYSTEM32\kernel.appcore.dll
0x00007ff82c820000 - 0x00007ff82c82a000 	C:\Program Files\Java\jdk-17\bin\jimage.dll
0x00007ff831dc0000 - 0x00007ff832002000 	C:\WINDOWS\SYSTEM32\DBGHELP.DLL
0x00007ff836fe0000 - 0x00007ff837363000 	C:\WINDOWS\System32\combase.dll
0x00007ff8364f0000 - 0x00007ff8365c9000 	C:\WINDOWS\System32\OLEAUT32.dll
0x00007ffff0a90000 - 0x00007ffff0acb000 	C:\WINDOWS\SYSTEM32\dbgcore.DLL
0x00007ff834220000 - 0x00007ff8342c8000 	C:\WINDOWS\System32\bcryptPrimitives.dll
0x00007ff82c750000 - 0x00007ff82c775000 	C:\Program Files\Java\jdk-17\bin\java.dll
0x00007ffff06c0000 - 0x00007ffff0797000 	C:\Program Files\Java\jdk-17\bin\jsvml.dll
0x00007ff835ae0000 - 0x00007ff83624e000 	C:\WINDOWS\System32\SHELL32.dll
0x00007ff8342d0000 - 0x00007ff834b3c000 	C:\WINDOWS\System32\windows.storage.dll
0x00007ff8357b0000 - 0x00007ff8358a6000 	C:\WINDOWS\System32\SHCORE.dll
0x00007ff8367b0000 - 0x00007ff836816000 	C:\WINDOWS\System32\shlwapi.dll
0x00007ff833dd0000 - 0x00007ff833df9000 	C:\WINDOWS\SYSTEM32\profapi.dll
0x00007ff821980000 - 0x00007ff821999000 	C:\Program Files\Java\jdk-17\bin\net.dll
0x00007ff823360000 - 0x00007ff823489000 	C:\WINDOWS\SYSTEM32\WINHTTP.dll
0x00007ff8331b0000 - 0x00007ff83321c000 	C:\WINDOWS\system32\mswsock.dll
0x00007ff821870000 - 0x00007ff821886000 	C:\Program Files\Java\jdk-17\bin\nio.dll
0x00007ff820630000 - 0x00007ff820648000 	C:\Program Files\Java\jdk-17\bin\zip.dll
0x00007ff831ab0000 - 0x00007ff831aba000 	C:\Program Files\Java\jdk-17\bin\management.dll
0x00007ff831810000 - 0x00007ff83181b000 	C:\Program Files\Java\jdk-17\bin\management_ext.dll
0x00007ff831ac0000 - 0x00007ff831ace000 	C:\Program Files\Java\jdk-17\bin\sunmscapi.dll
0x00007ff834070000 - 0x00007ff8341e8000 	C:\WINDOWS\System32\CRYPT32.dll
0x00007ff8336b0000 - 0x00007ff8336e0000 	C:\WINDOWS\SYSTEM32\ncrypt.dll
0x00007ff833660000 - 0x00007ff83369f000 	C:\WINDOWS\SYSTEM32\NTASN1.dll
0x00007ff833490000 - 0x00007ff8334ab000 	C:\WINDOWS\SYSTEM32\CRYPTSP.dll
0x00007ff832ba0000 - 0x00007ff832bd9000 	C:\WINDOWS\system32\rsaenh.dll
0x00007ff833260000 - 0x00007ff833293000 	C:\WINDOWS\SYSTEM32\USERENV.dll
0x00007ff833da0000 - 0x00007ff833dca000 	C:\WINDOWS\SYSTEM32\bcrypt.dll
0x00007ff8334b0000 - 0x00007ff8334bc000 	C:\WINDOWS\SYSTEM32\CRYPTBASE.dll
0x00007ff8325b0000 - 0x00007ff8325e2000 	C:\WINDOWS\SYSTEM32\IPHLPAPI.DLL
0x00007ff836a20000 - 0x00007ff836a2a000 	C:\WINDOWS\System32\NSI.dll
0x00007ff828d90000 - 0x00007ff828dad000 	C:\WINDOWS\SYSTEM32\dhcpcsvc6.DLL
0x00007ff8287b0000 - 0x00007ff8287d5000 	C:\WINDOWS\SYSTEM32\dhcpcsvc.DLL
0x00007ff8325f0000 - 0x00007ff832722000 	C:\WINDOWS\SYSTEM32\DNSAPI.dll
0x00007ff8001f0000 - 0x00007ff800208000 	C:\WINDOWS\system32\napinsp.dll
0x00007ff8000a0000 - 0x00007ff8000b3000 	C:\WINDOWS\System32\winrnr.dll
0x00007ff800070000 - 0x00007ff800092000 	C:\WINDOWS\system32\nlansp_c.dll
0x00007ff820700000 - 0x00007ff820716000 	C:\WINDOWS\system32\wshbth.dll
0x00007ff828750000 - 0x00007ff82875b000 	C:\Windows\System32\rasadhlp.dll
0x00007ff828f10000 - 0x00007ff828f96000 	C:\WINDOWS\System32\fwpuclnt.dll

dbghelp: loaded successfully - version: 4.0.5 - missing functions: none
symbol engine: initialized successfully - sym options: 0x614 - pdb path: .;C:\Program Files\Java\jdk-17\bin;C:\WINDOWS\SYSTEM32;C:\WINDOWS\WinSxS\amd64_microsoft.windows.common-controls_6595b64144ccf1df_6.0.26100.8457_none_3e0b2faee331e92d;C:\Program Files\Java\jdk-17\bin\server

VM Arguments:
java_command: C:\Users\digis\AppData\Local\Temp\surefire15251671087145874017\surefirebooter-20260527140056381_3.jar C:\Users\digis\AppData\Local\Temp\surefire15251671087145874017 2026-05-27T14-00-56_150-jvmRun1 surefire-20260527140056381_1tmp surefire_0-20260527140056381_2tmp
java_class_path (initial): C:\Users\digis\AppData\Local\Temp\surefire15251671087145874017\surefirebooter-20260527140056381_3.jar
Launcher Type: SUN_STANDARD

[Global flags]
     intx CICompilerCount                          = 4                                         {product} {ergonomic}
     uint ConcGCThreads                            = 2                                         {product} {ergonomic}
     uint G1ConcRefinementThreads                  = 8                                         {product} {ergonomic}
   size_t G1HeapRegionSize                         = 1048576                                   {product} {ergonomic}
    uintx GCDrainStackTargetSize                   = 64                                        {product} {ergonomic}
   size_t InitialHeapSize                          = 130023424                                 {product} {ergonomic}
   size_t MarkStackSize                            = 4194304                                   {product} {ergonomic}
   size_t MaxHeapSize                              = 2057306112                                {product} {ergonomic}
   size_t MaxNewSize                               = 1234173952                                {product} {ergonomic}
   size_t MinHeapDeltaBytes                        = 1048576                                   {product} {ergonomic}
   size_t MinHeapSize                              = 8388608                                   {product} {ergonomic}
    uintx NonNMethodCodeHeapSize                   = 5839372                                {pd product} {ergonomic}
    uintx NonProfiledCodeHeapSize                  = 122909434                              {pd product} {ergonomic}
    uintx ProfiledCodeHeapSize                     = 122909434                              {pd product} {ergonomic}
    uintx ReservedCodeCacheSize                    = 251658240                              {pd product} {ergonomic}
     bool SegmentedCodeCache                       = true                                      {product} {ergonomic}
   size_t SoftMaxHeapSize                          = 2057306112                             {manageable} {ergonomic}
     bool UseCompressedClassPointers               = true                           {product lp64_product} {ergonomic}
     bool UseCompressedOops                        = true                           {product lp64_product} {ergonomic}
     bool UseG1GC                                  = true                                      {product} {ergonomic}
     bool UseLargePagesIndividualAllocation        = false                                  {pd product} {ergonomic}

Logging:
Log output configuration:
 #0: stdout all=warning uptime,level,tags
 #1: stderr all=off uptime,level,tags

Environment Variables:
JAVA_HOME=C:\Program Files\Java\jdk-17
PATH=C:\Oracle-installer\WINDOWS.X64_193000_db_home\bin;C:\Program Files\Common Files\Oracle\Java\javapath;C:\WINDOWS\system32;C:\WINDOWS;C:\WINDOWS\System32\Wbem;C:\WINDOWS\System32\WindowsPowerShell\v1.0\;C:\WINDOWS\System32\OpenSSH\;C:\Program Files\Microsoft SQL Server\150\Tools\Binn\;C:\Program Files\Microsoft SQL Server\Client SDK\ODBC\170\Tools\Binn\;C:\Program Files\dotnet\;C:\Program Files\Git\cmd;C:\Program Files\Microsoft SQL Server\110\DTS\Binn\;C:\Program Files (x86)\Microsoft SQL Server\110\Tools\Binn\;C:\Program Files\Microsoft SQL Server\110\Tools\Binn\;C:\Program Files (x86)\Microsoft SQL Server\110\Tools\Binn\ManagementStudio\;C:\Program Files (x86)\Microsoft Visual Studio 10.0\Common7\IDE\PrivateAssemblies\;C:\Program Files (x86)\Microsoft SQL Server\110\DTS\Binn\;C:\Program Files\nodejs\;C:\Users\digis\AppData\Local\Microsoft\WindowsApps;C:\Users\digis\.dotnet\tools;C:\Users\digis\AppData\Local\Programs\Microsoft VS Code\bin;C:\Users\digis\AppData\Roaming\npm
USERNAME=Alien 10
OS=Windows_NT
PROCESSOR_IDENTIFIER=Intel64 Family 6 Model 190 Stepping 0, GenuineIntel



---------------  S Y S T E M  ---------------

OS:
 Windows 11 , 64 bit Build 26100 (10.0.26100.8328)
OS uptime: 0 days 4:32 hours
Hyper-V role detected

CPU: total 8 (initial active 8) (8 cores per cpu, 1 threads per core) family 6 model 190 stepping 0 microcode 0x15, cx8, cmov, fxsr, mmx, 3dnowpref, sse, sse2, sse3, ssse3, sse4.1, sse4.2, popcnt, lzcnt, tsc, tscinvbit, avx, avx2, aes, erms, clmul, bmi1, bmi2, adx, sha, fma, vzeroupper, clflush, clflushopt, clwb, hv

Memory: 4k page, system-wide physical 7845M (517M free)
TotalPageFile size 20133M (AvailPageFile size 19M)
current process WorkingSet (physical memory assigned to process): 263M, peak: 263M
current process commit charge ("private bytes"): 299M, peak: 300M

vm_info: Java HotSpot(TM) 64-Bit Server VM (17.0.8+9-LTS-211) for windows-amd64 JRE (17.0.8+9-LTS-211), built on Jun 14 2023 10:34:31 by "mach5one" with MS VC++ 17.1 (VS2022)

END.
