#
# There is insufficient memory for the Java Runtime Environment to continue.
# Native memory allocation (mmap) failed to map 130023424 bytes for G1 virtual space
# Possible reasons:
#   The system is out of physical RAM or swap space
#   The process is running with CompressedOops enabled, and the Java Heap may be blocking the growth of the native heap
# Possible solutions:
#   Reduce memory load on the system
#   Increase physical memory or swap space
#   Check if swap backing store is full
#   Decrease Java heap size (-Xmx/-Xms)
#   Decrease number of Java threads
#   Decrease Java thread stack sizes (-Xss)
#   Set larger code cache with -XX:ReservedCodeCacheSize=
#   JVM is running with Unscaled Compressed Oops mode in which the Java heap is
#     placed in the first 4GB address space. The Java Heap base address is the
#     maximum limit for the native heap growth. Please use -XX:HeapBaseMinAddress
#     to set the Java Heap base and to place the Java Heap above 4GB virtual address.
# This output file may be truncated or incomplete.
#
#  Out of Memory Error (os_windows.cpp:3550), pid=22116, tid=18204
#
# JRE version:  (17.0.8+9) (build )
# Java VM: Java HotSpot(TM) 64-Bit Server VM (17.0.8+9-LTS-211, mixed mode, sharing, tiered, compressed oops, compressed class ptrs, g1 gc, windows-amd64)
# No core dump will be written. Minidumps are not enabled by default on client versions of Windows
#

---------------  S U M M A R Y ------------

Command Line: C:\Users\digis\AppData\Local\Temp\surefire3050167286786634406\surefirebooter-20260527135833364_3.jar C:\Users\digis\AppData\Local\Temp\surefire3050167286786634406 2026-05-27T13-58-33_129-jvmRun1 surefire-20260527135833364_1tmp surefire_0-20260527135833364_2tmp

Host: Intel(R) Core(TM) i3-N305, 8 cores, 7G,  Windows 11 , 64 bit Build 26100 (10.0.26100.8328)
Time: Wed May 27 13:58:34 2026 Central Standard Time (Mexico) elapsed time: 1.224019 seconds (0d 0h 0m 1s)

---------------  T H R E A D  ---------------

Current thread (0x000001e559a61e60):  JavaThread "Unknown thread" [_thread_in_vm, id=18204, stack(0x000000320a300000,0x000000320a400000)]

Stack: [0x000000320a300000,0x000000320a400000]
Native frames: (J=compiled Java code, j=interpreted, Vv=VM code, C=native code)
V  [jvm.dll+0x677d0a]
V  [jvm.dll+0x7d8c54]
V  [jvm.dll+0x7da3fe]
V  [jvm.dll+0x7daa63]
V  [jvm.dll+0x245c5f]
V  [jvm.dll+0x674bb9]
V  [jvm.dll+0x6694f2]
V  [jvm.dll+0x3031d6]
V  [jvm.dll+0x30a756]
V  [jvm.dll+0x359f9e]
V  [jvm.dll+0x35a1cf]
V  [jvm.dll+0x2da3e8]
V  [jvm.dll+0x2db354]
V  [jvm.dll+0x7aa711]
V  [jvm.dll+0x367b51]
V  [jvm.dll+0x789979]
V  [jvm.dll+0x3eb05f]
V  [jvm.dll+0x3ecae1]
C  [jli.dll+0x5297]
C  [ucrtbase.dll+0x37b0]
C  [KERNEL32.DLL+0x2e957]
C  [ntdll.dll+0x427c]


---------------  P R O C E S S  ---------------

Threads class SMR info:
_java_thread_list=0x00007fff95b659d8, length=0, elements={
}

Java Threads: ( => current thread )

Other Threads:
  0x000001e559aba320 GCTaskThread "GC Thread#0" [stack: 0x000000320a400000,0x000000320a500000] [id=20308]
  0x000001e559acc5c0 ConcurrentGCThread "G1 Main Marker" [stack: 0x000000320a500000,0x000000320a600000] [id=24544]
  0x000001e559acdab0 ConcurrentGCThread "G1 Conc#0" [stack: 0x000000320a600000,0x000000320a700000] [id=23176]

[error occurred during error reporting (printing all threads), id 0xc0000005, EXCEPTION_ACCESS_VIOLATION (0xc0000005) at pc=0x00007fff9539b047]

VM state: not at safepoint (not fully initialized)

VM Mutex/Monitor currently owned by a thread:  ([mutex/lock_event])
[0x000001e5578da7b0] Heap_lock - owner thread: 0x000001e559a61e60

Heap address: 0x0000000085600000, size: 1962 MB, Compressed Oops mode: 32-bit

CDS archive(s) mapped at: [0x0000000000000000-0x0000000000000000-0x0000000000000000), size 0, SharedBaseAddress: 0x0000000800000000, ArchiveRelocationMode: 1.
Narrow klass base: 0x0000000000000000, Narrow klass shift: 0, Narrow klass range: 0x0

GC Precious Log:
<Empty>

Heap:
 garbage-first heap   total 0K, used 0K [0x0000000085600000, 0x0000000100000000)
  region size 1024K, 0 young (0K), 0 survivors (0K)

[error occurred during error reporting (printing heap information), id 0xc0000005, EXCEPTION_ACCESS_VIOLATION (0xc0000005) at pc=0x00007fff95781499]

GC Heap History (0 events):
No events

Deoptimization events (0 events):
No events

Classes unloaded (0 events):
No events

Classes redefined (0 events):
No events

Internal exceptions (0 events):
No events

VM Operations (0 events):
No events

Events (1 events):
Event: 0.008 Loaded shared library C:\Program Files\Java\jdk-17\bin\java.dll


Dynamic libraries:
0x00007ff72c640000 - 0x00007ff72c650000 	C:\Program Files\Java\jdk-17\bin\java.exe
0x00007ff837480000 - 0x00007ff8376e7000 	C:\WINDOWS\SYSTEM32\ntdll.dll
0x00007ff836420000 - 0x00007ff8364e9000 	C:\WINDOWS\System32\KERNEL32.DLL
0x00007ff834b40000 - 0x00007ff834f37000 	C:\WINDOWS\System32\KERNELBASE.dll
0x00007ff834ff0000 - 0x00007ff83513b000 	C:\WINDOWS\System32\ucrtbase.dll
0x00007ff82c840000 - 0x00007ff82c85b000 	C:\Program Files\Java\jdk-17\bin\VCRUNTIME140.dll
0x00007ff830bd0000 - 0x00007ff830be9000 	C:\Program Files\Java\jdk-17\bin\jli.dll
0x00007ff836820000 - 0x00007ff8368d6000 	C:\WINDOWS\System32\ADVAPI32.dll
0x00007ff836370000 - 0x00007ff836419000 	C:\WINDOWS\System32\msvcrt.dll
0x00007ff8368e0000 - 0x00007ff836987000 	C:\WINDOWS\System32\sechost.dll
0x00007ff8354f0000 - 0x00007ff835608000 	C:\WINDOWS\System32\RPCRT4.dll
0x00007ff835910000 - 0x00007ff835ad6000 	C:\WINDOWS\System32\USER32.dll
0x00007ff8341f0000 - 0x00007ff834217000 	C:\WINDOWS\System32\win32u.dll
0x00007ff812a80000 - 0x00007ff812d12000 	C:\WINDOWS\WinSxS\amd64_microsoft.windows.common-controls_6595b64144ccf1df_6.0.26100.8457_none_3e0b2faee331e92d\COMCTL32.dll
0x00007ff8353b0000 - 0x00007ff8353db000 	C:\WINDOWS\System32\GDI32.dll
0x00007ff833f40000 - 0x00007ff83406c000 	C:\WINDOWS\System32\gdi32full.dll
0x00007ff834f40000 - 0x00007ff834fe3000 	C:\WINDOWS\System32\msvcp_win.dll
0x00007ff81f4a0000 - 0x00007ff81f4ab000 	C:\WINDOWS\SYSTEM32\VERSION.dll
0x00007ff837400000 - 0x00007ff837432000 	C:\WINDOWS\System32\IMM32.DLL
0x00007ff82c830000 - 0x00007ff82c83c000 	C:\Program Files\Java\jdk-17\bin\vcruntime140_1.dll
0x00007ff820540000 - 0x00007ff8205ce000 	C:\Program Files\Java\jdk-17\bin\msvcp140.dll
0x00007fff950b0000 - 0x00007fff95c8e000 	C:\Program Files\Java\jdk-17\bin\server\jvm.dll
0x00007ff837370000 - 0x00007ff837378000 	C:\WINDOWS\System32\PSAPI.DLL
0x00007ff8036a0000 - 0x00007ff8036aa000 	C:\WINDOWS\SYSTEM32\WSOCK32.dll
0x00007ff828fe0000 - 0x00007ff829016000 	C:\WINDOWS\SYSTEM32\WINMM.dll
0x00007ff836260000 - 0x00007ff8362e0000 	C:\WINDOWS\System32\WS2_32.dll
0x00007ff832c40000 - 0x00007ff832c5b000 	C:\WINDOWS\SYSTEM32\kernel.appcore.dll
0x00007ff82c820000 - 0x00007ff82c82a000 	C:\Program Files\Java\jdk-17\bin\jimage.dll
0x00007ff831dc0000 - 0x00007ff832002000 	C:\WINDOWS\SYSTEM32\DBGHELP.DLL
0x00007ff836fe0000 - 0x00007ff837363000 	C:\WINDOWS\System32\combase.dll
0x00007ff8364f0000 - 0x00007ff8365c9000 	C:\WINDOWS\System32\OLEAUT32.dll
0x00007ffff0a90000 - 0x00007ffff0acb000 	C:\WINDOWS\SYSTEM32\dbgcore.DLL
0x00007ff834220000 - 0x00007ff8342c8000 	C:\WINDOWS\System32\bcryptPrimitives.dll
0x00007ff82c750000 - 0x00007ff82c775000 	C:\Program Files\Java\jdk-17\bin\java.dll

dbghelp: loaded successfully - version: 4.0.5 - missing functions: none
symbol engine: initialized successfully - sym options: 0x614 - pdb path: .;C:\Program Files\Java\jdk-17\bin;C:\WINDOWS\SYSTEM32;C:\WINDOWS\WinSxS\amd64_microsoft.windows.common-controls_6595b64144ccf1df_6.0.26100.8457_none_3e0b2faee331e92d;C:\Program Files\Java\jdk-17\bin\server

VM Arguments:
java_command: C:\Users\digis\AppData\Local\Temp\surefire3050167286786634406\surefirebooter-20260527135833364_3.jar C:\Users\digis\AppData\Local\Temp\surefire3050167286786634406 2026-05-27T13-58-33_129-jvmRun1 surefire-20260527135833364_1tmp surefire_0-20260527135833364_2tmp
java_class_path (initial): C:\Users\digis\AppData\Local\Temp\surefire3050167286786634406\surefirebooter-20260527135833364_3.jar
Launcher Type: SUN_STANDARD

[Global flags]
     intx CICompilerCount                          = 4                                         {product} {ergonomic}
     uint ConcGCThreads                            = 2                                         {product} {ergonomic}
     uint G1ConcRefinementThreads                  = 8                                         {product} {ergonomic}
   size_t G1HeapRegionSize                         = 1048576                                   {product} {ergonomic}
    uintx GCDrainStackTargetSize                   = 64                                        {product} {ergonomic}
   size_t InitialHeapSize                          = 130023424                                 {product} {ergonomic}
   size_t MarkStackSize                            = 4194304                                   {product} {ergonomic}
   size_t MaxHeapSize                              = 2057306112                                {product} {ergonomic}
   size_t MinHeapDeltaBytes                        = 1048576                                   {product} {ergonomic}
   size_t MinHeapSize                              = 8388608                                   {product} {ergonomic}
    uintx NonNMethodCodeHeapSize                   = 5839372                                {pd product} {ergonomic}
    uintx NonProfiledCodeHeapSize                  = 122909434                              {pd product} {ergonomic}
    uintx ProfiledCodeHeapSize                     = 122909434                              {pd product} {ergonomic}
    uintx ReservedCodeCacheSize                    = 251658240                              {pd product} {ergonomic}
     bool SegmentedCodeCache                       = true                                      {product} {ergonomic}
   size_t SoftMaxHeapSize                          = 2057306112                             {manageable} {ergonomic}
     bool UseCompressedClassPointers               = true                           {product lp64_product} {ergonomic}
     bool UseCompressedOops                        = true                           {product lp64_product} {ergonomic}
     bool UseG1GC                                  = true                                      {product} {ergonomic}
     bool UseLargePagesIndividualAllocation        = false                                  {pd product} {ergonomic}

Logging:
Log output configuration:
 #0: stdout all=warning uptime,level,tags
 #1: stderr all=off uptime,level,tags

Environment Variables:
JAVA_HOME=C:\Program Files\Java\jdk-17
PATH=C:\Oracle-installer\WINDOWS.X64_193000_db_home\bin;C:\Program Files\Common Files\Oracle\Java\javapath;C:\WINDOWS\system32;C:\WINDOWS;C:\WINDOWS\System32\Wbem;C:\WINDOWS\System32\WindowsPowerShell\v1.0\;C:\WINDOWS\System32\OpenSSH\;C:\Program Files\Microsoft SQL Server\150\Tools\Binn\;C:\Program Files\Microsoft SQL Server\Client SDK\ODBC\170\Tools\Binn\;C:\Program Files\dotnet\;C:\Program Files\Git\cmd;C:\Program Files\Microsoft SQL Server\110\DTS\Binn\;C:\Program Files (x86)\Microsoft SQL Server\110\Tools\Binn\;C:\Program Files\Microsoft SQL Server\110\Tools\Binn\;C:\Program Files (x86)\Microsoft SQL Server\110\Tools\Binn\ManagementStudio\;C:\Program Files (x86)\Microsoft Visual Studio 10.0\Common7\IDE\PrivateAssemblies\;C:\Program Files (x86)\Microsoft SQL Server\110\DTS\Binn\;C:\Program Files\nodejs\;C:\Users\digis\AppData\Local\Microsoft\WindowsApps;C:\Users\digis\.dotnet\tools;C:\Users\digis\AppData\Local\Programs\Microsoft VS Code\bin;C:\Users\digis\AppData\Roaming\npm
USERNAME=Alien 10
OS=Windows_NT
PROCESSOR_IDENTIFIER=Intel64 Family 6 Model 190 Stepping 0, GenuineIntel



---------------  S Y S T E M  ---------------

OS:
 Windows 11 , 64 bit Build 26100 (10.0.26100.8328)
OS uptime: 0 days 4:29 hours
Hyper-V role detected

CPU: total 8 (initial active 8) (8 cores per cpu, 1 threads per core) family 6 model 190 stepping 0 microcode 0x15, cx8, cmov, fxsr, mmx, 3dnowpref, sse, sse2, sse3, ssse3, sse4.1, sse4.2, popcnt, lzcnt, tsc, tscinvbit, avx, avx2, aes, erms, clmul, bmi1, bmi2, adx, sha, fma, vzeroupper, clflush, clflushopt, clwb, hv

Memory: 4k page, system-wide physical 7845M (758M free)
TotalPageFile size 20133M (AvailPageFile size 105M)
current process WorkingSet (physical memory assigned to process): 12M, peak: 12M
current process commit charge ("private bytes"): 60M, peak: 184M

vm_info: Java HotSpot(TM) 64-Bit Server VM (17.0.8+9-LTS-211) for windows-amd64 JRE (17.0.8+9-LTS-211), built on Jun 14 2023 10:34:31 by "mach5one" with MS VC++ 17.1 (VS2022)

END.
