#
# There is insufficient memory for the Java Runtime Environment to continue.
# Native memory allocation (malloc) failed to allocate 1137152 bytes for Chunk::new
# Possible reasons:
#   The system is out of physical RAM or swap space
#   The process is running with CompressedOops enabled, and the Java Heap may be blocking the growth of the native heap
# Possible solutions:
#   Reduce memory load on the system
#   Increase physical memory or swap space
#   Check if swap backing store is full
#   Decrease Java heap size (-Xmx/-Xms)
#   Decrease number of Java threads
#   Decrease Java thread stack sizes (-Xss)
#   Set larger code cache with -XX:ReservedCodeCacheSize=
#   JVM is running with Unscaled Compressed Oops mode in which the Java heap is
#     placed in the first 4GB address space. The Java Heap base address is the
#     maximum limit for the native heap growth. Please use -XX:HeapBaseMinAddress
#     to set the Java Heap base and to place the Java Heap above 4GB virtual address.
# This output file may be truncated or incomplete.
#
#  Out of Memory Error (arena.cpp:189), pid=16356, tid=1996
#
# JRE version: Java(TM) SE Runtime Environment (17.0.8+9) (build 17.0.8+9-LTS-211)
# Java VM: Java HotSpot(TM) 64-Bit Server VM (17.0.8+9-LTS-211, mixed mode, sharing, tiered, compressed oops, compressed class ptrs, g1 gc, windows-amd64)
# No core dump will be written. Minidumps are not enabled by default on client versions of Windows
#

---------------  S U M M A R Y ------------

Command Line: --enable-native-access=ALL-UNNAMED -Dclassworlds.conf=C:\Users\digis\.m2\wrapper\dists\apache-maven-3.9.16\0daed3be3ebd1c706f0e69e8b07c6b73f5cc4ea3dfce72a8d0ec2e849ca2ddb0\bin\m2.conf -Dmaven.home=C:\Users\digis\.m2\wrapper\dists\apache-maven-3.9.16\0daed3be3ebd1c706f0e69e8b07c6b73f5cc4ea3dfce72a8d0ec2e849ca2ddb0 -Dlibrary.jansi.path=C:\Users\digis\.m2\wrapper\dists\apache-maven-3.9.16\0daed3be3ebd1c706f0e69e8b07c6b73f5cc4ea3dfce72a8d0ec2e849ca2ddb0\lib\jansi-native -Dmaven.multiModuleProjectDirectory=C:\Users\digis\OneDrive\Escritorio\Downloads\crudPrueba\crudPrueba org.codehaus.plexus.classworlds.launcher.Launcher -Dmaven.ext.class.path=C:\Program Files\NetBeans-18\netbeans\java\maven-nblib\netbeans-eventspy.jar -Dfile.encoding=UTF-8 --no-transfer-progress clean install

Host: Intel(R) Core(TM) i3-N305, 8 cores, 7G,  Windows 11 , 64 bit Build 26100 (10.0.26100.8328)
Time: Thu May 28 11:22:24 2026 Central Standard Time (Mexico) elapsed time: 10.798697 seconds (0d 0h 0m 10s)

---------------  T H R E A D  ---------------

Current thread (0x0000012efa014ee0):  JavaThread "C2 CompilerThread0" daemon [_thread_in_native, id=1996, stack(0x00000015c8a00000,0x00000015c8b00000)]


Current CompileTask:
C2:  10798 7102       4       org.codehaus.plexus.classworlds.realm.ClassRealm::loadClass (7 bytes)

Stack: [0x00000015c8a00000,0x00000015c8b00000]
Native frames: (J=compiled Java code, j=interpreted, Vv=VM code, C=native code)
V  [jvm.dll+0x677d0a]
V  [jvm.dll+0x7d8c54]
V  [jvm.dll+0x7da3fe]
V  [jvm.dll+0x7daa63]
V  [jvm.dll+0x245c5f]
V  [jvm.dll+0xaaa6b]
V  [jvm.dll+0xab00c]
V  [jvm.dll+0x361e8e]
V  [jvm.dll+0x1bba6a]
V  [jvm.dll+0x218157]
V  [jvm.dll+0x217431]
V  [jvm.dll+0x1a3af0]
V  [jvm.dll+0x2270be]
V  [jvm.dll+0x22535b]
V  [jvm.dll+0x78e7bc]
V  [jvm.dll+0x788bba]
V  [jvm.dll+0x676b35]
C  [ucrtbase.dll+0x37b0]
C  [KERNEL32.DLL+0x2e957]
C  [ntdll.dll+0x427c]


---------------  P R O C E S S  ---------------

Threads class SMR info:
_java_thread_list=0x0000012ed0492aa0, length=19, elements={
0x0000012eeb0f6780, 0x0000012ef9ff7a70, 0x0000012ef9ffa340, 0x0000012efa0107f0,
0x0000012efa0110b0, 0x0000012efa011970, 0x0000012efa012230, 0x0000012efa014ee0,
0x0000012efa015890, 0x0000012efa01d6b0, 0x0000012efa264fd0, 0x0000012efa26bcd0,
0x0000012ed0410a40, 0x0000012efad0bbe0, 0x0000012ed15f1d40, 0x0000012ed0c0d490,
0x0000012ed16f23d0, 0x0000012ed16f28a0, 0x0000012ed154ebd0
}

Java Threads: ( => current thread )
  0x0000012eeb0f6780 JavaThread "main" [_thread_in_native, id=10776, stack(0x00000015c7d00000,0x00000015c7e00000)]
  0x0000012ef9ff7a70 JavaThread "Reference Handler" daemon [_thread_blocked, id=17108, stack(0x00000015c8400000,0x00000015c8500000)]
  0x0000012ef9ffa340 JavaThread "Finalizer" daemon [_thread_blocked, id=20028, stack(0x00000015c8500000,0x00000015c8600000)]
  0x0000012efa0107f0 JavaThread "Signal Dispatcher" daemon [_thread_blocked, id=8588, stack(0x00000015c8600000,0x00000015c8700000)]
  0x0000012efa0110b0 JavaThread "Attach Listener" daemon [_thread_blocked, id=17792, stack(0x00000015c8700000,0x00000015c8800000)]
  0x0000012efa011970 JavaThread "Service Thread" daemon [_thread_blocked, id=11800, stack(0x00000015c8800000,0x00000015c8900000)]
  0x0000012efa012230 JavaThread "Monitor Deflation Thread" daemon [_thread_blocked, id=28160, stack(0x00000015c8900000,0x00000015c8a00000)]
=>0x0000012efa014ee0 JavaThread "C2 CompilerThread0" daemon [_thread_in_native, id=1996, stack(0x00000015c8a00000,0x00000015c8b00000)]
  0x0000012efa015890 JavaThread "C1 CompilerThread0" daemon [_thread_blocked, id=26556, stack(0x00000015c8b00000,0x00000015c8c00000)]
  0x0000012efa01d6b0 JavaThread "Sweeper thread" daemon [_thread_blocked, id=11288, stack(0x00000015c8c00000,0x00000015c8d00000)]
  0x0000012efa264fd0 JavaThread "Notification Thread" daemon [_thread_blocked, id=24936, stack(0x00000015c8d00000,0x00000015c8e00000)]
  0x0000012efa26bcd0 JavaThread "Common-Cleaner" daemon [_thread_blocked, id=21740, stack(0x00000015c8f00000,0x00000015c9000000)]
  0x0000012ed0410a40 JavaThread "C2 CompilerThread1" daemon [_thread_blocked, id=27672, stack(0x00000015c9600000,0x00000015c9700000)]
  0x0000012efad0bbe0 JavaThread "timeout-check-timer" daemon [_thread_blocked, id=12352, stack(0x00000015c9a00000,0x00000015c9b00000)]
  0x0000012ed15f1d40 JavaThread "ping-timer-10s" daemon [_thread_blocked, id=23452, stack(0x00000015c9b00000,0x00000015c9c00000)]
  0x0000012ed0c0d490 JavaThread "ThreadedStreamConsumer" daemon [_thread_blocked, id=7540, stack(0x00000015c9c00000,0x00000015c9d00000)]
  0x0000012ed16f23d0 JavaThread "fork-1-err-thread" daemon [_thread_in_native, id=25608, stack(0x00000015c9d00000,0x00000015c9e00000)]
  0x0000012ed16f28a0 JavaThread "commands-fork-1" daemon [_thread_blocked, id=4792, stack(0x00000015c9e00000,0x00000015c9f00000)]
  0x0000012ed154ebd0 JavaThread "fork-1-event-thread" daemon [_thread_in_native, id=7700, stack(0x00000015c9f00000,0x00000015ca000000)]

Other Threads:
  0x0000012ef9ff41d0 VMThread "VM Thread" [stack: 0x00000015c8300000,0x00000015c8400000] [id=23064]
  0x0000012eeb178610 WatcherThread [stack: 0x00000015c8e00000,0x00000015c8f00000] [id=18444]
  0x0000012eeb14cd80 GCTaskThread "GC Thread#0" [stack: 0x00000015c7e00000,0x00000015c7f00000] [id=23880]
  0x0000012efa3de6b0 GCTaskThread "GC Thread#1" [stack: 0x00000015c9000000,0x00000015c9100000] [id=17820]
  0x0000012efaa5f600 GCTaskThread "GC Thread#2" [stack: 0x00000015c9100000,0x00000015c9200000] [id=5064]
  0x0000012efaa5f8b0 GCTaskThread "GC Thread#3" [stack: 0x00000015c9200000,0x00000015c9300000] [id=24124]
  0x0000012efaa5fb60 GCTaskThread "GC Thread#4" [stack: 0x00000015c9300000,0x00000015c9400000] [id=28656]
  0x0000012efaa5fe10 GCTaskThread "GC Thread#5" [stack: 0x00000015c9400000,0x00000015c9500000] [id=28492]
  0x0000012efaa600c0 GCTaskThread "GC Thread#6" [stack: 0x00000015c9500000,0x00000015c9600000] [id=4308]
  0x0000012eff7c8fc0 GCTaskThread "GC Thread#7" [stack: 0x00000015c9700000,0x00000015c9800000] [id=16976]
  0x0000012eeb15fcf0 ConcurrentGCThread "G1 Main Marker" [stack: 0x00000015c7f00000,0x00000015c8000000] [id=4652]
  0x0000012eeb1623d0 ConcurrentGCThread "G1 Conc#0" [stack: 0x00000015c8000000,0x00000015c8100000] [id=4312]
  0x0000012eff7c8250 ConcurrentGCThread "G1 Conc#1" [stack: 0x00000015c9800000,0x00000015c9900000] [id=26976]
  0x0000012ef9ea30d0 ConcurrentGCThread "G1 Refine#0" [stack: 0x00000015c8100000,0x00000015c8200000] [id=27272]
  0x0000012ed0d51d40 ConcurrentGCThread "G1 Refine#1" [stack: 0x00000015c9900000,0x00000015c9a00000] [id=26892]
  0x0000012ef9ea37a0 ConcurrentGCThread "G1 Service" [stack: 0x00000015c8200000,0x00000015c8300000] [id=27776]

Threads with active compile tasks:
C2 CompilerThread0    10819 7102       4       org.codehaus.plexus.classworlds.realm.ClassRealm::loadClass (7 bytes)

VM state: not at safepoint (normal execution)

VM Mutex/Monitor currently owned by a thread: None

Heap address: 0x0000000085600000, size: 1962 MB, Compressed Oops mode: 32-bit

CDS archive(s) mapped at: [0x0000012e8f000000-0x0000012e8fbd0000-0x0000012e8fbd0000), size 12386304, SharedBaseAddress: 0x0000012e8f000000, ArchiveRelocationMode: 1.
Compressed class space mapped at: 0x0000012e90000000-0x0000012ed0000000, reserved size: 1073741824
Narrow klass base: 0x0000012e8f000000, Narrow klass shift: 0, Narrow klass range: 0x100000000

GC Precious Log:
 CPUs: 8 total, 8 available
 Memory: 7845M
 Large Page Support: Disabled
 NUMA Support: Disabled
 Compressed Oops: Enabled (32-bit)
 Heap Region Size: 1M
 Heap Min Capacity: 8M
 Heap Initial Capacity: 124M
 Heap Max Capacity: 1962M
 Pre-touch: Disabled
 Parallel Workers: 8
 Concurrent Workers: 2
 Concurrent Refinement Workers: 8
 Periodic GC: Disabled

Heap:
 garbage-first heap   total 253952K, used 107470K [0x0000000085600000, 0x0000000100000000)
  region size 1024K, 46 young (47104K), 2 survivors (2048K)
 Metaspace       used 31397K, committed 31808K, reserved 1114112K
  class space    used 3599K, committed 3776K, reserved 1048576K

Heap Regions: E=young(eden), S=young(survivor), O=old, HS=humongous(starts), HC=humongous(continues), CS=collection set, F=free, OA=open archive, CA=closed archive, TAMS=top-at-mark-start (previous, next)
|   0|0x0000000085600000, 0x0000000085700000, 0x0000000085700000|100%| O|  |TAMS 0x0000000085700000, 0x0000000085600000| Untracked 
|   1|0x0000000085700000, 0x0000000085800000, 0x0000000085800000|100%| O|  |TAMS 0x0000000085800000, 0x0000000085700000| Untracked 
|   2|0x0000000085800000, 0x0000000085900000, 0x0000000085900000|100%| O|  |TAMS 0x0000000085900000, 0x0000000085800000| Untracked 
|   3|0x0000000085900000, 0x0000000085a00000, 0x0000000085a00000|100%| O|  |TAMS 0x0000000085a00000, 0x0000000085900000| Untracked 
|   4|0x0000000085a00000, 0x0000000085b00000, 0x0000000085b00000|100%| O|  |TAMS 0x0000000085b00000, 0x0000000085a00000| Untracked 
|   5|0x0000000085b00000, 0x0000000085c00000, 0x0000000085c00000|100%| O|  |TAMS 0x0000000085c00000, 0x0000000085b00000| Untracked 
|   6|0x0000000085c00000, 0x0000000085d00000, 0x0000000085d00000|100%| O|  |TAMS 0x0000000085d00000, 0x0000000085c00000| Untracked 
|   7|0x0000000085d00000, 0x0000000085e00000, 0x0000000085e00000|100%| O|  |TAMS 0x0000000085e00000, 0x0000000085d00000| Untracked 
|   8|0x0000000085e00000, 0x0000000085f00000, 0x0000000085f00000|100%| O|  |TAMS 0x0000000085f00000, 0x0000000085e00000| Untracked 
|   9|0x0000000085f00000, 0x0000000086000000, 0x0000000086000000|100%| O|  |TAMS 0x0000000086000000, 0x0000000085f00000| Untracked 
|  10|0x0000000086000000, 0x0000000086100000, 0x0000000086100000|100%| O|  |TAMS 0x0000000086000000, 0x0000000086000000| Untracked 
|  11|0x0000000086100000, 0x0000000086100000, 0x0000000086200000|  0%| F|  |TAMS 0x0000000086100000, 0x0000000086100000| Untracked 
|  12|0x0000000086200000, 0x0000000086300000, 0x0000000086300000|100%|HS|  |TAMS 0x0000000086200000, 0x0000000086200000| Complete 
|  13|0x0000000086300000, 0x0000000086400000, 0x0000000086400000|100%|HS|  |TAMS 0x0000000086400000, 0x0000000086300000| Complete 
|  14|0x0000000086400000, 0x0000000086500000, 0x0000000086500000|100%|HC|  |TAMS 0x0000000086500000, 0x0000000086400000| Complete 
|  15|0x0000000086500000, 0x0000000086600000, 0x0000000086600000|100%|HS|  |TAMS 0x0000000086600000, 0x0000000086500000| Complete 
|  16|0x0000000086600000, 0x0000000086700000, 0x0000000086700000|100%|HC|  |TAMS 0x0000000086700000, 0x0000000086600000| Complete 
|  17|0x0000000086700000, 0x0000000086800000, 0x0000000086800000|100%|HS|  |TAMS 0x0000000086800000, 0x0000000086700000| Complete 
|  18|0x0000000086800000, 0x0000000086900000, 0x0000000086900000|100%| O|  |TAMS 0x0000000086800000, 0x0000000086800000| Untracked 
|  19|0x0000000086900000, 0x0000000086a00000, 0x0000000086a00000|100%| O|  |TAMS 0x0000000086a00000, 0x0000000086900000| Untracked 
|  20|0x0000000086a00000, 0x0000000086b00000, 0x0000000086b00000|100%| O|  |TAMS 0x0000000086a00000, 0x0000000086a00000| Untracked 
|  21|0x0000000086b00000, 0x0000000086b00000, 0x0000000086c00000|  0%| F|  |TAMS 0x0000000086b00000, 0x0000000086b00000| Untracked 
|  22|0x0000000086c00000, 0x0000000086d00000, 0x0000000086d00000|100%| O|  |TAMS 0x0000000086d00000, 0x0000000086c00000| Untracked 
|  23|0x0000000086d00000, 0x0000000086e00000, 0x0000000086e00000|100%| O|  |TAMS 0x0000000086e00000, 0x0000000086d00000| Untracked 
|  24|0x0000000086e00000, 0x0000000086f00000, 0x0000000086f00000|100%| O|  |TAMS 0x0000000086f00000, 0x0000000086e00000| Untracked 
|  25|0x0000000086f00000, 0x0000000087000000, 0x0000000087000000|100%| O|  |TAMS 0x0000000087000000, 0x0000000086f00000| Untracked 
|  26|0x0000000087000000, 0x0000000087100000, 0x0000000087100000|100%| O|  |TAMS 0x0000000087100000, 0x0000000087000000| Untracked 
|  27|0x0000000087100000, 0x0000000087200000, 0x0000000087200000|100%| O|  |TAMS 0x0000000087200000, 0x0000000087100000| Untracked 
|  28|0x0000000087200000, 0x0000000087300000, 0x0000000087300000|100%| O|  |TAMS 0x0000000087300000, 0x0000000087200000| Untracked 
|  29|0x0000000087300000, 0x0000000087400000, 0x0000000087400000|100%| O|  |TAMS 0x0000000087400000, 0x0000000087300000| Untracked 
|  30|0x0000000087400000, 0x0000000087500000, 0x0000000087500000|100%|HS|  |TAMS 0x0000000087500000, 0x0000000087400000| Complete 
|  31|0x0000000087500000, 0x0000000087600000, 0x0000000087600000|100%|HS|  |TAMS 0x0000000087600000, 0x0000000087500000| Complete 
|  32|0x0000000087600000, 0x0000000087700000, 0x0000000087700000|100%|HS|  |TAMS 0x0000000087700000, 0x0000000087600000| Complete 
|  33|0x0000000087700000, 0x0000000087800000, 0x0000000087800000|100%|HS|  |TAMS 0x0000000087800000, 0x0000000087700000| Complete 
|  34|0x0000000087800000, 0x00000000878f3a00, 0x0000000087900000| 95%| O|  |TAMS 0x0000000087800000, 0x0000000087800000| Untracked 
|  35|0x0000000087900000, 0x0000000087a00000, 0x0000000087a00000|100%| O|  |TAMS 0x0000000087900000, 0x0000000087900000| Untracked 
|  36|0x0000000087a00000, 0x0000000087b00000, 0x0000000087b00000|100%| O|  |TAMS 0x0000000087a00000, 0x0000000087a00000| Untracked 
|  37|0x0000000087b00000, 0x0000000087b00000, 0x0000000087c00000|  0%| F|  |TAMS 0x0000000087b00000, 0x0000000087b00000| Untracked 
|  38|0x0000000087c00000, 0x0000000087d00000, 0x0000000087d00000|100%| O|  |TAMS 0x0000000087d00000, 0x0000000087c00000| Untracked 
|  39|0x0000000087d00000, 0x0000000087d00000, 0x0000000087e00000|  0%| F|  |TAMS 0x0000000087d00000, 0x0000000087d00000| Untracked 
|  40|0x0000000087e00000, 0x0000000087f00000, 0x0000000087f00000|100%| O|  |TAMS 0x0000000087f00000, 0x0000000087e00000| Untracked 
|  41|0x0000000087f00000, 0x0000000088000000, 0x0000000088000000|100%| O|  |TAMS 0x0000000088000000, 0x0000000087f00000| Untracked 
|  42|0x0000000088000000, 0x0000000088100000, 0x0000000088100000|100%| O|  |TAMS 0x0000000088100000, 0x0000000088000000| Untracked 
|  43|0x0000000088100000, 0x0000000088200000, 0x0000000088200000|100%| O|  |TAMS 0x0000000088200000, 0x0000000088100000| Untracked 
|  44|0x0000000088200000, 0x0000000088200000, 0x0000000088300000|  0%| F|  |TAMS 0x0000000088200000, 0x0000000088200000| Untracked 
|  45|0x0000000088300000, 0x0000000088400000, 0x0000000088400000|100%| O|  |TAMS 0x0000000088400000, 0x0000000088300000| Untracked 
|  46|0x0000000088400000, 0x0000000088400000, 0x0000000088500000|  0%| F|  |TAMS 0x0000000088400000, 0x0000000088400000| Untracked 
|  47|0x0000000088500000, 0x0000000088500000, 0x0000000088600000|  0%| F|  |TAMS 0x0000000088500000, 0x0000000088500000| Untracked 
|  48|0x0000000088600000, 0x0000000088700000, 0x0000000088700000|100%| O|  |TAMS 0x0000000088700000, 0x0000000088600000| Untracked 
|  49|0x0000000088700000, 0x0000000088800000, 0x0000000088800000|100%| O|  |TAMS 0x0000000088800000, 0x0000000088700000| Untracked 
|  50|0x0000000088800000, 0x0000000088900000, 0x0000000088900000|100%| O|  |TAMS 0x0000000088900000, 0x0000000088800000| Untracked 
|  51|0x0000000088900000, 0x0000000088a00000, 0x0000000088a00000|100%| O|  |TAMS 0x0000000088a00000, 0x0000000088900000| Untracked 
|  52|0x0000000088a00000, 0x0000000088b00000, 0x0000000088b00000|100%| O|  |TAMS 0x0000000088b00000, 0x0000000088a00000| Untracked 
|  53|0x0000000088b00000, 0x0000000088c00000, 0x0000000088c00000|100%| O|  |TAMS 0x0000000088b80200, 0x0000000088b00000| Untracked 
|  54|0x0000000088c00000, 0x0000000088d00000, 0x0000000088d00000|100%| O|  |TAMS 0x0000000088c00000, 0x0000000088c00000| Untracked 
|  55|0x0000000088d00000, 0x0000000088e00000, 0x0000000088e00000|100%| O|  |TAMS 0x0000000088d00000, 0x0000000088d00000| Untracked 
|  56|0x0000000088e00000, 0x0000000088f00000, 0x0000000088f00000|100%| O|  |TAMS 0x0000000088e00000, 0x0000000088e00000| Untracked 
|  57|0x0000000088f00000, 0x0000000089000000, 0x0000000089000000|100%| O|  |TAMS 0x0000000088f00000, 0x0000000088f00000| Untracked 
|  58|0x0000000089000000, 0x0000000089100000, 0x0000000089100000|100%| O|  |TAMS 0x0000000089000000, 0x0000000089000000| Untracked 
|  59|0x0000000089100000, 0x0000000089200000, 0x0000000089200000|100%|HS|  |TAMS 0x0000000089100000, 0x0000000089100000| Complete 
|  60|0x0000000089200000, 0x0000000089300000, 0x0000000089300000|100%| O|  |TAMS 0x0000000089200000, 0x0000000089200000| Untracked 
|  61|0x0000000089300000, 0x0000000089400000, 0x0000000089400000|100%| O|  |TAMS 0x0000000089300000, 0x0000000089300000| Untracked 
|  62|0x0000000089400000, 0x0000000089500000, 0x0000000089500000|100%| O|  |TAMS 0x0000000089400000, 0x0000000089400000| Untracked 
|  63|0x0000000089500000, 0x0000000089600000, 0x0000000089600000|100%| O|  |TAMS 0x0000000089500000, 0x0000000089500000| Untracked 
|  64|0x0000000089600000, 0x0000000089700000, 0x0000000089700000|100%| O|  |TAMS 0x0000000089600000, 0x0000000089600000| Untracked 
|  65|0x0000000089700000, 0x0000000089800000, 0x0000000089800000|100%| O|  |TAMS 0x0000000089700000, 0x0000000089700000| Untracked 
|  66|0x0000000089800000, 0x0000000089800000, 0x0000000089900000|  0%| F|  |TAMS 0x0000000089800000, 0x0000000089800000| Untracked 
|  67|0x0000000089900000, 0x0000000089900000, 0x0000000089a00000|  0%| F|  |TAMS 0x0000000089900000, 0x0000000089900000| Untracked 
|  68|0x0000000089a00000, 0x0000000089a00000, 0x0000000089b00000|  0%| F|  |TAMS 0x0000000089a00000, 0x0000000089a00000| Untracked 
|  69|0x0000000089b00000, 0x0000000089b00000, 0x0000000089c00000|  0%| F|  |TAMS 0x0000000089b00000, 0x0000000089b00000| Untracked 
|  70|0x0000000089c00000, 0x0000000089c00000, 0x0000000089d00000|  0%| F|  |TAMS 0x0000000089c00000, 0x0000000089c00000| Untracked 
|  71|0x0000000089d00000, 0x0000000089d00000, 0x0000000089e00000|  0%| F|  |TAMS 0x0000000089d00000, 0x0000000089d00000| Untracked 
|  72|0x0000000089e00000, 0x0000000089e00000, 0x0000000089f00000|  0%| F|  |TAMS 0x0000000089e00000, 0x0000000089e00000| Untracked 
|  73|0x0000000089f00000, 0x0000000089f00000, 0x000000008a000000|  0%| F|  |TAMS 0x0000000089f00000, 0x0000000089f00000| Untracked 
|  74|0x000000008a000000, 0x000000008a000000, 0x000000008a100000|  0%| F|  |TAMS 0x000000008a000000, 0x000000008a000000| Untracked 
|  75|0x000000008a100000, 0x000000008a100000, 0x000000008a200000|  0%| F|  |TAMS 0x000000008a100000, 0x000000008a100000| Untracked 
|  76|0x000000008a200000, 0x000000008a200000, 0x000000008a300000|  0%| F|  |TAMS 0x000000008a200000, 0x000000008a200000| Untracked 
|  77|0x000000008a300000, 0x000000008a300000, 0x000000008a400000|  0%| F|  |TAMS 0x000000008a300000, 0x000000008a300000| Untracked 
|  78|0x000000008a400000, 0x000000008a400000, 0x000000008a500000|  0%| F|  |TAMS 0x000000008a400000, 0x000000008a400000| Untracked 
|  79|0x000000008a500000, 0x000000008a500000, 0x000000008a600000|  0%| F|  |TAMS 0x000000008a500000, 0x000000008a500000| Untracked 
|  80|0x000000008a600000, 0x000000008a600000, 0x000000008a700000|  0%| F|  |TAMS 0x000000008a600000, 0x000000008a600000| Untracked 
|  81|0x000000008a700000, 0x000000008a700000, 0x000000008a800000|  0%| F|  |TAMS 0x000000008a700000, 0x000000008a700000| Untracked 
|  82|0x000000008a800000, 0x000000008a800000, 0x000000008a900000|  0%| F|  |TAMS 0x000000008a800000, 0x000000008a800000| Untracked 
|  83|0x000000008a900000, 0x000000008a900000, 0x000000008aa00000|  0%| F|  |TAMS 0x000000008a900000, 0x000000008a900000| Untracked 
|  84|0x000000008aa00000, 0x000000008aa00000, 0x000000008ab00000|  0%| F|  |TAMS 0x000000008aa00000, 0x000000008aa00000| Untracked 
|  85|0x000000008ab00000, 0x000000008ab00000, 0x000000008ac00000|  0%| F|  |TAMS 0x000000008ab00000, 0x000000008ab00000| Untracked 
|  86|0x000000008ac00000, 0x000000008ac00000, 0x000000008ad00000|  0%| F|  |TAMS 0x000000008ac00000, 0x000000008ac00000| Untracked 
|  87|0x000000008ad00000, 0x000000008ad00000, 0x000000008ae00000|  0%| F|  |TAMS 0x000000008ad00000, 0x000000008ad00000| Untracked 
|  88|0x000000008ae00000, 0x000000008ae00000, 0x000000008af00000|  0%| F|  |TAMS 0x000000008ae00000, 0x000000008ae00000| Untracked 
|  89|0x000000008af00000, 0x000000008af00000, 0x000000008b000000|  0%| F|  |TAMS 0x000000008af00000, 0x000000008af00000| Untracked 
|  90|0x000000008b000000, 0x000000008b000000, 0x000000008b100000|  0%| F|  |TAMS 0x000000008b000000, 0x000000008b000000| Untracked 
|  91|0x000000008b100000, 0x000000008b100000, 0x000000008b200000|  0%| F|  |TAMS 0x000000008b100000, 0x000000008b100000| Untracked 
|  92|0x000000008b200000, 0x000000008b200000, 0x000000008b300000|  0%| F|  |TAMS 0x000000008b200000, 0x000000008b200000| Untracked 
|  93|0x000000008b300000, 0x000000008b300000, 0x000000008b400000|  0%| F|  |TAMS 0x000000008b300000, 0x000000008b300000| Untracked 
|  94|0x000000008b400000, 0x000000008b400000, 0x000000008b500000|  0%| F|  |TAMS 0x000000008b400000, 0x000000008b400000| Untracked 
|  95|0x000000008b500000, 0x000000008b500000, 0x000000008b600000|  0%| F|  |TAMS 0x000000008b500000, 0x000000008b500000| Untracked 
|  96|0x000000008b600000, 0x000000008b600000, 0x000000008b700000|  0%| F|  |TAMS 0x000000008b600000, 0x000000008b600000| Untracked 
|  97|0x000000008b700000, 0x000000008b700000, 0x000000008b800000|  0%| F|  |TAMS 0x000000008b700000, 0x000000008b700000| Untracked 
|  98|0x000000008b800000, 0x000000008b800000, 0x000000008b900000|  0%| F|  |TAMS 0x000000008b800000, 0x000000008b800000| Untracked 
|  99|0x000000008b900000, 0x000000008b900000, 0x000000008ba00000|  0%| F|  |TAMS 0x000000008b900000, 0x000000008b900000| Untracked 
| 100|0x000000008ba00000, 0x000000008ba00000, 0x000000008bb00000|  0%| F|  |TAMS 0x000000008ba00000, 0x000000008ba00000| Untracked 
| 101|0x000000008bb00000, 0x000000008bb00000, 0x000000008bc00000|  0%| F|  |TAMS 0x000000008bb00000, 0x000000008bb00000| Untracked 
| 102|0x000000008bc00000, 0x000000008bc00000, 0x000000008bd00000|  0%| F|  |TAMS 0x000000008bc00000, 0x000000008bc00000| Untracked 
| 103|0x000000008bd00000, 0x000000008bd00000, 0x000000008be00000|  0%| F|  |TAMS 0x000000008bd00000, 0x000000008bd00000| Untracked 
| 104|0x000000008be00000, 0x000000008be00000, 0x000000008bf00000|  0%| F|  |TAMS 0x000000008be00000, 0x000000008be00000| Untracked 
| 105|0x000000008bf00000, 0x000000008bf00000, 0x000000008c000000|  0%| F|  |TAMS 0x000000008bf00000, 0x000000008bf00000| Untracked 
| 106|0x000000008c000000, 0x000000008c000000, 0x000000008c100000|  0%| F|  |TAMS 0x000000008c000000, 0x000000008c000000| Untracked 
| 107|0x000000008c100000, 0x000000008c100000, 0x000000008c200000|  0%| F|  |TAMS 0x000000008c100000, 0x000000008c100000| Untracked 
| 108|0x000000008c200000, 0x000000008c200000, 0x000000008c300000|  0%| F|  |TAMS 0x000000008c200000, 0x000000008c200000| Untracked 
| 109|0x000000008c300000, 0x000000008c300000, 0x000000008c400000|  0%| F|  |TAMS 0x000000008c300000, 0x000000008c300000| Untracked 
| 110|0x000000008c400000, 0x000000008c400000, 0x000000008c500000|  0%| F|  |TAMS 0x000000008c400000, 0x000000008c400000| Untracked 
| 111|0x000000008c500000, 0x000000008c500000, 0x000000008c600000|  0%| F|  |TAMS 0x000000008c500000, 0x000000008c500000| Untracked 
| 112|0x000000008c600000, 0x000000008c600000, 0x000000008c700000|  0%| F|  |TAMS 0x000000008c600000, 0x000000008c600000| Untracked 
| 113|0x000000008c700000, 0x000000008c700000, 0x000000008c800000|  0%| F|  |TAMS 0x000000008c700000, 0x000000008c700000| Untracked 
| 114|0x000000008c800000, 0x000000008c800000, 0x000000008c900000|  0%| F|  |TAMS 0x000000008c800000, 0x000000008c800000| Untracked 
| 115|0x000000008c900000, 0x000000008c900000, 0x000000008ca00000|  0%| F|  |TAMS 0x000000008c900000, 0x000000008c900000| Untracked 
| 116|0x000000008ca00000, 0x000000008ca00000, 0x000000008cb00000|  0%| F|  |TAMS 0x000000008ca00000, 0x000000008ca00000| Untracked 
| 117|0x000000008cb00000, 0x000000008cb00000, 0x000000008cc00000|  0%| F|  |TAMS 0x000000008cb00000, 0x000000008cb00000| Untracked 
| 118|0x000000008cc00000, 0x000000008cc00000, 0x000000008cd00000|  0%| F|  |TAMS 0x000000008cc00000, 0x000000008cc00000| Untracked 
| 119|0x000000008cd00000, 0x000000008cd00000, 0x000000008ce00000|  0%| F|  |TAMS 0x000000008cd00000, 0x000000008cd00000| Untracked 
| 120|0x000000008ce00000, 0x000000008ce00000, 0x000000008cf00000|  0%| F|  |TAMS 0x000000008ce00000, 0x000000008ce00000| Untracked 
| 121|0x000000008cf00000, 0x000000008cf00000, 0x000000008d000000|  0%| F|  |TAMS 0x000000008cf00000, 0x000000008cf00000| Untracked 
| 122|0x000000008d000000, 0x000000008d000000, 0x000000008d100000|  0%| F|  |TAMS 0x000000008d000000, 0x000000008d000000| Untracked 
| 123|0x000000008d100000, 0x000000008d100000, 0x000000008d200000|  0%| F|  |TAMS 0x000000008d100000, 0x000000008d100000| Untracked 
| 124|0x000000008d200000, 0x000000008d200000, 0x000000008d300000|  0%| F|  |TAMS 0x000000008d200000, 0x000000008d200000| Untracked 
| 125|0x000000008d300000, 0x000000008d300000, 0x000000008d400000|  0%| F|  |TAMS 0x000000008d300000, 0x000000008d300000| Untracked 
| 126|0x000000008d400000, 0x000000008d400000, 0x000000008d500000|  0%| F|  |TAMS 0x000000008d400000, 0x000000008d400000| Untracked 
| 127|0x000000008d500000, 0x000000008d500000, 0x000000008d600000|  0%| F|  |TAMS 0x000000008d500000, 0x000000008d500000| Untracked 
| 128|0x000000008d600000, 0x000000008d600000, 0x000000008d700000|  0%| F|  |TAMS 0x000000008d600000, 0x000000008d600000| Untracked 
| 129|0x000000008d700000, 0x000000008d700000, 0x000000008d800000|  0%| F|  |TAMS 0x000000008d700000, 0x000000008d700000| Untracked 
| 130|0x000000008d800000, 0x000000008d800000, 0x000000008d900000|  0%| F|  |TAMS 0x000000008d800000, 0x000000008d800000| Untracked 
| 131|0x000000008d900000, 0x000000008d900000, 0x000000008da00000|  0%| F|  |TAMS 0x000000008d900000, 0x000000008d900000| Untracked 
| 132|0x000000008da00000, 0x000000008da00000, 0x000000008db00000|  0%| F|  |TAMS 0x000000008da00000, 0x000000008da00000| Untracked 
| 133|0x000000008db00000, 0x000000008db00000, 0x000000008dc00000|  0%| F|  |TAMS 0x000000008db00000, 0x000000008db00000| Untracked 
| 134|0x000000008dc00000, 0x000000008dc00000, 0x000000008dd00000|  0%| F|  |TAMS 0x000000008dc00000, 0x000000008dc00000| Untracked 
| 135|0x000000008dd00000, 0x000000008dd00000, 0x000000008de00000|  0%| F|  |TAMS 0x000000008dd00000, 0x000000008dd00000| Untracked 
| 136|0x000000008de00000, 0x000000008de00000, 0x000000008df00000|  0%| F|  |TAMS 0x000000008de00000, 0x000000008de00000| Untracked 
| 137|0x000000008df00000, 0x000000008df00000, 0x000000008e000000|  0%| F|  |TAMS 0x000000008df00000, 0x000000008df00000| Untracked 
| 138|0x000000008e000000, 0x000000008e000000, 0x000000008e100000|  0%| F|  |TAMS 0x000000008e000000, 0x000000008e000000| Untracked 
| 139|0x000000008e100000, 0x000000008e100000, 0x000000008e200000|  0%| F|  |TAMS 0x000000008e100000, 0x000000008e100000| Untracked 
| 140|0x000000008e200000, 0x000000008e200000, 0x000000008e300000|  0%| F|  |TAMS 0x000000008e200000, 0x000000008e200000| Untracked 
| 141|0x000000008e300000, 0x000000008e300000, 0x000000008e400000|  0%| F|  |TAMS 0x000000008e300000, 0x000000008e300000| Untracked 
| 142|0x000000008e400000, 0x000000008e400000, 0x000000008e500000|  0%| F|  |TAMS 0x000000008e400000, 0x000000008e400000| Untracked 
| 143|0x000000008e500000, 0x000000008e500000, 0x000000008e600000|  0%| F|  |TAMS 0x000000008e500000, 0x000000008e500000| Untracked 
| 144|0x000000008e600000, 0x000000008e600000, 0x000000008e700000|  0%| F|  |TAMS 0x000000008e600000, 0x000000008e600000| Untracked 
| 145|0x000000008e700000, 0x000000008e700000, 0x000000008e800000|  0%| F|  |TAMS 0x000000008e700000, 0x000000008e700000| Untracked 
| 146|0x000000008e800000, 0x000000008e800000, 0x000000008e900000|  0%| F|  |TAMS 0x000000008e800000, 0x000000008e800000| Untracked 
| 147|0x000000008e900000, 0x000000008e900000, 0x000000008ea00000|  0%| F|  |TAMS 0x000000008e900000, 0x000000008e900000| Untracked 
| 148|0x000000008ea00000, 0x000000008ea00000, 0x000000008eb00000|  0%| F|  |TAMS 0x000000008ea00000, 0x000000008ea00000| Untracked 
| 149|0x000000008eb00000, 0x000000008eb00000, 0x000000008ec00000|  0%| F|  |TAMS 0x000000008eb00000, 0x000000008eb00000| Untracked 
| 150|0x000000008ec00000, 0x000000008ec00000, 0x000000008ed00000|  0%| F|  |TAMS 0x000000008ec00000, 0x000000008ec00000| Untracked 
| 151|0x000000008ed00000, 0x000000008ed00000, 0x000000008ee00000|  0%| F|  |TAMS 0x000000008ed00000, 0x000000008ed00000| Untracked 
| 152|0x000000008ee00000, 0x000000008ee00000, 0x000000008ef00000|  0%| F|  |TAMS 0x000000008ee00000, 0x000000008ee00000| Untracked 
| 153|0x000000008ef00000, 0x000000008ef00000, 0x000000008f000000|  0%| F|  |TAMS 0x000000008ef00000, 0x000000008ef00000| Untracked 
| 154|0x000000008f000000, 0x000000008f000000, 0x000000008f100000|  0%| F|  |TAMS 0x000000008f000000, 0x000000008f000000| Untracked 
| 155|0x000000008f100000, 0x000000008f100000, 0x000000008f200000|  0%| F|  |TAMS 0x000000008f100000, 0x000000008f100000| Untracked 
| 156|0x000000008f200000, 0x000000008f200000, 0x000000008f300000|  0%| F|  |TAMS 0x000000008f200000, 0x000000008f200000| Untracked 
| 157|0x000000008f300000, 0x000000008f300000, 0x000000008f400000|  0%| F|  |TAMS 0x000000008f300000, 0x000000008f300000| Untracked 
| 158|0x000000008f400000, 0x000000008f400000, 0x000000008f500000|  0%| F|  |TAMS 0x000000008f400000, 0x000000008f400000| Untracked 
| 159|0x000000008f500000, 0x000000008f500000, 0x000000008f600000|  0%| F|  |TAMS 0x000000008f500000, 0x000000008f500000| Untracked 
| 160|0x000000008f600000, 0x000000008f600000, 0x000000008f700000|  0%| F|  |TAMS 0x000000008f600000, 0x000000008f600000| Untracked 
| 161|0x000000008f700000, 0x000000008f700000, 0x000000008f800000|  0%| F|  |TAMS 0x000000008f700000, 0x000000008f700000| Untracked 
| 162|0x000000008f800000, 0x000000008f800000, 0x000000008f900000|  0%| F|  |TAMS 0x000000008f800000, 0x000000008f800000| Untracked 
| 163|0x000000008f900000, 0x000000008f900000, 0x000000008fa00000|  0%| F|  |TAMS 0x000000008f900000, 0x000000008f900000| Untracked 
| 164|0x000000008fa00000, 0x000000008fa00000, 0x000000008fb00000|  0%| F|  |TAMS 0x000000008fa00000, 0x000000008fa00000| Untracked 
| 165|0x000000008fb00000, 0x000000008fb00000, 0x000000008fc00000|  0%| F|  |TAMS 0x000000008fb00000, 0x000000008fb00000| Untracked 
| 166|0x000000008fc00000, 0x000000008fc00000, 0x000000008fd00000|  0%| F|  |TAMS 0x000000008fc00000, 0x000000008fc00000| Untracked 
| 167|0x000000008fd00000, 0x000000008fd00000, 0x000000008fe00000|  0%| F|  |TAMS 0x000000008fd00000, 0x000000008fd00000| Untracked 
| 168|0x000000008fe00000, 0x000000008fe00000, 0x000000008ff00000|  0%| F|  |TAMS 0x000000008fe00000, 0x000000008fe00000| Untracked 
| 169|0x000000008ff00000, 0x000000008ff00000, 0x0000000090000000|  0%| F|  |TAMS 0x000000008ff00000, 0x000000008ff00000| Untracked 
| 170|0x0000000090000000, 0x0000000090000000, 0x0000000090100000|  0%| F|  |TAMS 0x0000000090000000, 0x0000000090000000| Untracked 
| 171|0x0000000090100000, 0x0000000090100000, 0x0000000090200000|  0%| F|  |TAMS 0x0000000090100000, 0x0000000090100000| Untracked 
| 172|0x0000000090200000, 0x0000000090200000, 0x0000000090300000|  0%| F|  |TAMS 0x0000000090200000, 0x0000000090200000| Untracked 
| 173|0x0000000090300000, 0x0000000090300000, 0x0000000090400000|  0%| F|  |TAMS 0x0000000090300000, 0x0000000090300000| Untracked 
| 174|0x0000000090400000, 0x0000000090400000, 0x0000000090500000|  0%| F|  |TAMS 0x0000000090400000, 0x0000000090400000| Untracked 
| 175|0x0000000090500000, 0x0000000090500000, 0x0000000090600000|  0%| F|  |TAMS 0x0000000090500000, 0x0000000090500000| Untracked 
| 176|0x0000000090600000, 0x0000000090600000, 0x0000000090700000|  0%| F|  |TAMS 0x0000000090600000, 0x0000000090600000| Untracked 
| 177|0x0000000090700000, 0x0000000090700000, 0x0000000090800000|  0%| F|  |TAMS 0x0000000090700000, 0x0000000090700000| Untracked 
| 178|0x0000000090800000, 0x0000000090800000, 0x0000000090900000|  0%| F|  |TAMS 0x0000000090800000, 0x0000000090800000| Untracked 
| 179|0x0000000090900000, 0x0000000090900000, 0x0000000090a00000|  0%| F|  |TAMS 0x0000000090900000, 0x0000000090900000| Untracked 
| 180|0x0000000090a00000, 0x0000000090a00000, 0x0000000090b00000|  0%| F|  |TAMS 0x0000000090a00000, 0x0000000090a00000| Untracked 
| 181|0x0000000090b00000, 0x0000000090b00000, 0x0000000090c00000|  0%| F|  |TAMS 0x0000000090b00000, 0x0000000090b00000| Untracked 
| 182|0x0000000090c00000, 0x0000000090c00000, 0x0000000090d00000|  0%| F|  |TAMS 0x0000000090c00000, 0x0000000090c00000| Untracked 
| 183|0x0000000090d00000, 0x0000000090d00000, 0x0000000090e00000|  0%| F|  |TAMS 0x0000000090d00000, 0x0000000090d00000| Untracked 
| 184|0x0000000090e00000, 0x0000000090e00000, 0x0000000090f00000|  0%| F|  |TAMS 0x0000000090e00000, 0x0000000090e00000| Untracked 
| 185|0x0000000090f00000, 0x0000000090f00000, 0x0000000091000000|  0%| F|  |TAMS 0x0000000090f00000, 0x0000000090f00000| Untracked 
| 186|0x0000000091000000, 0x0000000091000000, 0x0000000091100000|  0%| F|  |TAMS 0x0000000091000000, 0x0000000091000000| Untracked 
| 187|0x0000000091100000, 0x0000000091100000, 0x0000000091200000|  0%| F|  |TAMS 0x0000000091100000, 0x0000000091100000| Untracked 
| 188|0x0000000091200000, 0x0000000091200000, 0x0000000091300000|  0%| F|  |TAMS 0x0000000091200000, 0x0000000091200000| Untracked 
| 189|0x0000000091300000, 0x0000000091300000, 0x0000000091400000|  0%| F|  |TAMS 0x0000000091300000, 0x0000000091300000| Untracked 
| 190|0x0000000091400000, 0x0000000091400000, 0x0000000091500000|  0%| F|  |TAMS 0x0000000091400000, 0x0000000091400000| Untracked 
| 191|0x0000000091500000, 0x0000000091500000, 0x0000000091600000|  0%| F|  |TAMS 0x0000000091500000, 0x0000000091500000| Untracked 
| 192|0x0000000091600000, 0x0000000091600000, 0x0000000091700000|  0%| F|  |TAMS 0x0000000091600000, 0x0000000091600000| Untracked 
| 193|0x0000000091700000, 0x0000000091700000, 0x0000000091800000|  0%| F|  |TAMS 0x0000000091700000, 0x0000000091700000| Untracked 
| 194|0x0000000091800000, 0x0000000091800000, 0x0000000091900000|  0%| F|  |TAMS 0x0000000091800000, 0x0000000091800000| Untracked 
| 195|0x0000000091900000, 0x0000000091900000, 0x0000000091a00000|  0%| F|  |TAMS 0x0000000091900000, 0x0000000091900000| Untracked 
| 196|0x0000000091a00000, 0x0000000091a00000, 0x0000000091b00000|  0%| F|  |TAMS 0x0000000091a00000, 0x0000000091a00000| Untracked 
| 197|0x0000000091b00000, 0x0000000091b00000, 0x0000000091c00000|  0%| F|  |TAMS 0x0000000091b00000, 0x0000000091b00000| Untracked 
| 198|0x0000000091c00000, 0x0000000091c00000, 0x0000000091d00000|  0%| F|  |TAMS 0x0000000091c00000, 0x0000000091c00000| Untracked 
| 199|0x0000000091d00000, 0x0000000091d00000, 0x0000000091e00000|  0%| F|  |TAMS 0x0000000091d00000, 0x0000000091d00000| Untracked 
| 200|0x0000000091e00000, 0x0000000091e00000, 0x0000000091f00000|  0%| F|  |TAMS 0x0000000091e00000, 0x0000000091e00000| Untracked 
| 201|0x0000000091f00000, 0x0000000092000000, 0x0000000092000000|100%| E|  |TAMS 0x0000000091f00000, 0x0000000091f00000| Complete 
| 202|0x0000000092000000, 0x0000000092100000, 0x0000000092100000|100%| E|CS|TAMS 0x0000000092000000, 0x0000000092000000| Complete 
| 203|0x0000000092100000, 0x0000000092200000, 0x0000000092200000|100%| E|CS|TAMS 0x0000000092100000, 0x0000000092100000| Complete 
| 204|0x0000000092200000, 0x0000000092300000, 0x0000000092300000|100%| E|CS|TAMS 0x0000000092200000, 0x0000000092200000| Complete 
| 205|0x0000000092300000, 0x0000000092400000, 0x0000000092400000|100%| E|CS|TAMS 0x0000000092300000, 0x0000000092300000| Complete 
| 206|0x0000000092400000, 0x0000000092500000, 0x0000000092500000|100%| E|CS|TAMS 0x0000000092400000, 0x0000000092400000| Complete 
| 207|0x0000000092500000, 0x0000000092600000, 0x0000000092600000|100%| E|CS|TAMS 0x0000000092500000, 0x0000000092500000| Complete 
| 208|0x0000000092600000, 0x0000000092700000, 0x0000000092700000|100%| E|CS|TAMS 0x0000000092600000, 0x0000000092600000| Complete 
| 209|0x0000000092700000, 0x0000000092800000, 0x0000000092800000|100%| E|CS|TAMS 0x0000000092700000, 0x0000000092700000| Complete 
| 210|0x0000000092800000, 0x0000000092900000, 0x0000000092900000|100%| E|CS|TAMS 0x0000000092800000, 0x0000000092800000| Complete 
| 211|0x0000000092900000, 0x0000000092a00000, 0x0000000092a00000|100%| E|CS|TAMS 0x0000000092900000, 0x0000000092900000| Complete 
| 212|0x0000000092a00000, 0x0000000092b00000, 0x0000000092b00000|100%| E|CS|TAMS 0x0000000092a00000, 0x0000000092a00000| Complete 
| 213|0x0000000092b00000, 0x0000000092c00000, 0x0000000092c00000|100%| E|CS|TAMS 0x0000000092b00000, 0x0000000092b00000| Complete 
| 214|0x0000000092c00000, 0x0000000092d00000, 0x0000000092d00000|100%| E|CS|TAMS 0x0000000092c00000, 0x0000000092c00000| Complete 
| 215|0x0000000092d00000, 0x0000000092e00000, 0x0000000092e00000|100%| E|CS|TAMS 0x0000000092d00000, 0x0000000092d00000| Complete 
| 216|0x0000000092e00000, 0x0000000092f00000, 0x0000000092f00000|100%| E|CS|TAMS 0x0000000092e00000, 0x0000000092e00000| Complete 
| 217|0x0000000092f00000, 0x0000000093000000, 0x0000000093000000|100%| E|CS|TAMS 0x0000000092f00000, 0x0000000092f00000| Complete 
| 218|0x0000000093000000, 0x0000000093100000, 0x0000000093100000|100%| E|CS|TAMS 0x0000000093000000, 0x0000000093000000| Complete 
| 219|0x0000000093100000, 0x0000000093200000, 0x0000000093200000|100%| E|CS|TAMS 0x0000000093100000, 0x0000000093100000| Complete 
| 220|0x0000000093200000, 0x0000000093300000, 0x0000000093300000|100%| E|CS|TAMS 0x0000000093200000, 0x0000000093200000| Complete 
| 221|0x0000000093300000, 0x0000000093400000, 0x0000000093400000|100%| E|CS|TAMS 0x0000000093300000, 0x0000000093300000| Complete 
| 222|0x0000000093400000, 0x0000000093500000, 0x0000000093500000|100%| E|CS|TAMS 0x0000000093400000, 0x0000000093400000| Complete 
| 223|0x0000000093500000, 0x0000000093600000, 0x0000000093600000|100%| E|CS|TAMS 0x0000000093500000, 0x0000000093500000| Complete 
| 224|0x0000000093600000, 0x0000000093700000, 0x0000000093700000|100%| E|CS|TAMS 0x0000000093600000, 0x0000000093600000| Complete 
| 225|0x0000000093700000, 0x0000000093800000, 0x0000000093800000|100%| E|CS|TAMS 0x0000000093700000, 0x0000000093700000| Complete 
| 226|0x0000000093800000, 0x0000000093900000, 0x0000000093900000|100%| E|CS|TAMS 0x0000000093800000, 0x0000000093800000| Complete 
| 227|0x0000000093900000, 0x0000000093a00000, 0x0000000093a00000|100%| E|CS|TAMS 0x0000000093900000, 0x0000000093900000| Complete 
| 228|0x0000000093a00000, 0x0000000093b00000, 0x0000000093b00000|100%| E|CS|TAMS 0x0000000093a00000, 0x0000000093a00000| Complete 
| 229|0x0000000093b00000, 0x0000000093c00000, 0x0000000093c00000|100%| E|CS|TAMS 0x0000000093b00000, 0x0000000093b00000| Complete 
| 230|0x0000000093c00000, 0x0000000093d00000, 0x0000000093d00000|100%| E|CS|TAMS 0x0000000093c00000, 0x0000000093c00000| Complete 
| 231|0x0000000093d00000, 0x0000000093e00000, 0x0000000093e00000|100%| E|CS|TAMS 0x0000000093d00000, 0x0000000093d00000| Complete 
| 232|0x0000000093e00000, 0x0000000093f00000, 0x0000000093f00000|100%| E|CS|TAMS 0x0000000093e00000, 0x0000000093e00000| Complete 
| 233|0x0000000093f00000, 0x0000000094000000, 0x0000000094000000|100%| S|CS|TAMS 0x0000000093f00000, 0x0000000093f00000| Complete 
| 234|0x0000000094000000, 0x0000000094100000, 0x0000000094100000|100%| S|CS|TAMS 0x0000000094000000, 0x0000000094000000| Complete 
| 235|0x0000000094100000, 0x0000000094200000, 0x0000000094200000|100%| E|CS|TAMS 0x0000000094100000, 0x0000000094100000| Complete 
| 236|0x0000000094200000, 0x0000000094300000, 0x0000000094300000|100%| E|CS|TAMS 0x0000000094200000, 0x0000000094200000| Complete 
| 237|0x0000000094300000, 0x0000000094400000, 0x0000000094400000|100%| E|CS|TAMS 0x0000000094300000, 0x0000000094300000| Complete 
| 238|0x0000000094400000, 0x0000000094500000, 0x0000000094500000|100%| E|CS|TAMS 0x0000000094400000, 0x0000000094400000| Complete 
|1953|0x00000000ff700000, 0x00000000ff800000, 0x00000000ff800000|100%| E|CS|TAMS 0x00000000ff700000, 0x00000000ff700000| Complete 
|1954|0x00000000ff800000, 0x00000000ff900000, 0x00000000ff900000|100%| E|CS|TAMS 0x00000000ff800000, 0x00000000ff800000| Complete 
|1955|0x00000000ff900000, 0x00000000ffa00000, 0x00000000ffa00000|100%| E|CS|TAMS 0x00000000ff900000, 0x00000000ff900000| Complete 
|1956|0x00000000ffa00000, 0x00000000ffb00000, 0x00000000ffb00000|100%| E|CS|TAMS 0x00000000ffa00000, 0x00000000ffa00000| Complete 
|1957|0x00000000ffb00000, 0x00000000ffc00000, 0x00000000ffc00000|100%| E|CS|TAMS 0x00000000ffb00000, 0x00000000ffb00000| Complete 
|1958|0x00000000ffc00000, 0x00000000ffd00000, 0x00000000ffd00000|100%| O|  |TAMS 0x00000000ffd00000, 0x00000000ffc00000| Untracked 
|1959|0x00000000ffd00000, 0x00000000ffe00000, 0x00000000ffe00000|100%| E|CS|TAMS 0x00000000ffd00000, 0x00000000ffd00000| Complete 
|1960|0x00000000ffe00000, 0x00000000fff00000, 0x00000000fff00000|100%| E|CS|TAMS 0x00000000ffe00000, 0x00000000ffe00000| Complete 
|1961|0x00000000fff00000, 0x0000000100000000, 0x0000000100000000|100%| E|CS|TAMS 0x00000000fff00000, 0x00000000fff00000| Complete 

Card table byte_map: [0x0000012ef30b0000,0x0000012ef3490000] _byte_map_base: 0x0000012ef2c85000

Marking Bits (Prev, Next): (CMBitMap*) 0x0000012eeb14f1b0, (CMBitMap*) 0x0000012eeb14f1f0
 Prev Bits: [0x0000012ef3870000, 0x0000012ef5718000)
 Next Bits: [0x0000012ef5720000, 0x0000012ef75c8000)

Polling page: 0x0000012ee9080000

Metaspace:

Usage:
  Non-class:     27.15 MB used.
      Class:      3.52 MB used.
       Both:     30.66 MB used.

Virtual space:
  Non-class space:       64.00 MB reserved,      27.38 MB ( 43%) committed,  1 nodes.
      Class space:        1.00 GB reserved,       3.69 MB ( <1%) committed,  1 nodes.
             Both:        1.06 GB reserved,      31.06 MB (  3%) committed. 

Chunk freelists:
   Non-Class:  4.27 MB
       Class:  12.36 MB
        Both:  16.62 MB

MaxMetaspaceSize: unlimited
CompressedClassSpaceSize: 1.00 GB
Initial GC threshold: 21.00 MB
Current GC threshold: 46.56 MB
CDS: on
MetaspaceReclaimPolicy: balanced
 - commit_granule_bytes: 65536.
 - commit_granule_words: 8192.
 - virtual_space_node_default_size: 8388608.
 - enlarge_chunks_in_place: 1.
 - new_chunks_are_fully_committed: 0.
 - uncommit_free_chunks: 1.
 - use_allocation_guard: 0.
 - handle_deallocations: 1.


Internal statistics:

num_allocs_failed_limit: 3.
num_arena_births: 236.
num_arena_deaths: 0.
num_vsnodes_births: 2.
num_vsnodes_deaths: 0.
num_space_committed: 497.
num_space_uncommitted: 0.
num_chunks_returned_to_freelist: 3.
num_chunks_taken_from_freelist: 1402.
num_chunk_merges: 3.
num_chunk_splits: 960.
num_chunks_enlarged: 723.
num_purges: 0.
num_inconsistent_stats: 0.

CodeHeap 'non-profiled nmethods': size=120000Kb used=3635Kb max_used=3635Kb free=116365Kb
 bounds [0x0000012e87ad0000, 0x0000012e87e60000, 0x0000012e8f000000]
CodeHeap 'profiled nmethods': size=120000Kb used=14030Kb max_used=14030Kb free=105970Kb
 bounds [0x0000012e80000000, 0x0000012e80dc0000, 0x0000012e87530000]
CodeHeap 'non-nmethods': size=5760Kb used=1235Kb max_used=1280Kb free=4524Kb
 bounds [0x0000012e87530000, 0x0000012e877a0000, 0x0000012e87ad0000]
 total_blobs=6809 nmethods=6264 adapters=457
 compilation: enabled
              stopped_count=0, restarted_count=0
 full_count=0

Compilation events (20 events):
Event: 9.548 Thread 0x0000012efa015890 7093       3       java.lang.ProcessEnvironment$CheckedEntrySet$1::next (5 bytes)
Event: 9.549 Thread 0x0000012efa015890 nmethod 7093 0x0000012e80db3e10 code [0x0000012e80db3fe0, 0x0000012e80db44c8]
Event: 9.549 Thread 0x0000012efa015890 7095       3       java.lang.ProcessEnvironment$CheckedEntry::getKey (13 bytes)
Event: 9.549 Thread 0x0000012efa015890 nmethod 7095 0x0000012e80db4690 code [0x0000012e80db4840, 0x0000012e80db4b08]
Event: 9.549 Thread 0x0000012efa015890 7094       3       java.lang.ProcessEnvironment$CheckedEntry::getKey (5 bytes)
Event: 9.549 Thread 0x0000012efa015890 nmethod 7094 0x0000012e80db4c10 code [0x0000012e80db4dc0, 0x0000012e80db50e8]
Event: 9.549 Thread 0x0000012efa015890 7096       3       java.lang.ProcessEnvironment$CheckedEntry::getValue (5 bytes)
Event: 9.549 Thread 0x0000012efa015890 nmethod 7096 0x0000012e80db5210 code [0x0000012e80db53c0, 0x0000012e80db5708]
Event: 9.558 Thread 0x0000012efa014ee0 7097   !   4       java.lang.invoke.MemberName::getMethodType (211 bytes)
Event: 9.558 Thread 0x0000012ed0410a40 7098       4       java.lang.invoke.MethodType::makeImpl (109 bytes)
Event: 9.559 Thread 0x0000012efa014ee0 nmethod 7097 0x0000012e87e50b10 code [0x0000012e87e50ca0, 0x0000012e87e50d78]
Event: 9.560 Thread 0x0000012efa014ee0 7101       4       java.lang.invoke.MethodType$ConcurrentWeakInternSet::get (47 bytes)
Event: 9.584 Thread 0x0000012efa014ee0 nmethod 7101 0x0000012e87e50e90 code [0x0000012e87e51080, 0x0000012e87e51fc8]
Event: 9.587 Thread 0x0000012efa014ee0 7102       4       org.codehaus.plexus.classworlds.realm.ClassRealm::loadClass (7 bytes)
Event: 9.611 Thread 0x0000012efa015890 7104       3       java.util.ImmutableCollections$ListN::size (6 bytes)
Event: 9.612 Thread 0x0000012efa015890 nmethod 7104 0x0000012e80db5810 code [0x0000012e80db59a0, 0x0000012e80db5ab8]
Event: 9.613 Thread 0x0000012efa015890 7105       1       java.lang.invoke.MethodHandle::isInvokeSpecial (2 bytes)
Event: 9.613 Thread 0x0000012efa015890 nmethod 7105 0x0000012e87e52590 code [0x0000012e87e52720, 0x0000012e87e527f8]
Event: 9.615 Thread 0x0000012efa015890 7106       3       java.lang.AbstractStringBuilder::append (45 bytes)
Event: 9.615 Thread 0x0000012efa015890 nmethod 7106 0x0000012e80db5b90 code [0x0000012e80db5d60, 0x0000012e80db60a8]

GC Heap History (20 events):
Event: 4.852 GC heap before
{Heap before GC invocations=3 (full 0):
 garbage-first heap   total 126976K, used 78568K [0x0000000085600000, 0x0000000100000000)
  region size 1024K, 74 young (75776K), 8 survivors (8192K)
 Metaspace       used 15903K, committed 16128K, reserved 1114112K
  class space    used 1846K, committed 1920K, reserved 1048576K
}
Event: 4.865 GC heap after
{Heap after GC invocations=4 (full 0):
 garbage-first heap   total 126976K, used 15911K [0x0000000085600000, 0x0000000100000000)
  region size 1024K, 5 young (5120K), 5 survivors (5120K)
 Metaspace       used 15903K, committed 16128K, reserved 1114112K
  class space    used 1846K, committed 1920K, reserved 1048576K
}
Event: 6.260 GC heap before
{Heap before GC invocations=4 (full 0):
 garbage-first heap   total 126976K, used 70183K [0x0000000085600000, 0x0000000100000000)
  region size 1024K, 55 young (56320K), 5 survivors (5120K)
 Metaspace       used 21152K, committed 21504K, reserved 1114112K
  class space    used 2492K, committed 2688K, reserved 1048576K
}
Event: 6.270 GC heap after
{Heap after GC invocations=5 (full 0):
 garbage-first heap   total 126976K, used 24103K [0x0000000085600000, 0x0000000100000000)
  region size 1024K, 9 young (9216K), 9 survivors (9216K)
 Metaspace       used 21152K, committed 21504K, reserved 1114112K
  class space    used 2492K, committed 2688K, reserved 1048576K
}
Event: 6.892 GC heap before
{Heap before GC invocations=6 (full 0):
 garbage-first heap   total 86016K, used 69159K [0x0000000085600000, 0x0000000100000000)
  region size 1024K, 50 young (51200K), 9 survivors (9216K)
 Metaspace       used 25442K, committed 25792K, reserved 1114112K
  class space    used 2958K, committed 3136K, reserved 1048576K
}
Event: 6.919 GC heap after
{Heap after GC invocations=7 (full 0):
 garbage-first heap   total 96256K, used 42524K [0x0000000085600000, 0x0000000100000000)
  region size 1024K, 7 young (7168K), 7 survivors (7168K)
 Metaspace       used 25442K, committed 25792K, reserved 1114112K
  class space    used 2958K, committed 3136K, reserved 1048576K
}
Event: 6.927 GC heap before
{Heap before GC invocations=7 (full 0):
 garbage-first heap   total 96256K, used 43548K [0x0000000085600000, 0x0000000100000000)
  region size 1024K, 8 young (8192K), 7 survivors (7168K)
 Metaspace       used 25445K, committed 25792K, reserved 1114112K
  class space    used 2958K, committed 3136K, reserved 1048576K
}
Event: 6.934 GC heap after
{Heap after GC invocations=8 (full 0):
 garbage-first heap   total 115712K, used 44032K [0x0000000085600000, 0x0000000100000000)
  region size 1024K, 1 young (1024K), 1 survivors (1024K)
 Metaspace       used 25445K, committed 25792K, reserved 1114112K
  class space    used 2958K, committed 3136K, reserved 1048576K
}
Event: 7.845 GC heap before
{Heap before GC invocations=8 (full 0):
 garbage-first heap   total 115712K, used 80896K [0x0000000085600000, 0x0000000100000000)
  region size 1024K, 37 young (37888K), 1 survivors (1024K)
 Metaspace       used 28059K, committed 28416K, reserved 1114112K
  class space    used 3256K, committed 3392K, reserved 1048576K
}
Event: 7.859 GC heap after
{Heap after GC invocations=9 (full 0):
 garbage-first heap   total 115712K, used 48640K [0x0000000085600000, 0x0000000100000000)
  region size 1024K, 5 young (5120K), 5 survivors (5120K)
 Metaspace       used 28059K, committed 28416K, reserved 1114112K
  class space    used 3256K, committed 3392K, reserved 1048576K
}
Event: 8.274 GC heap before
{Heap before GC invocations=9 (full 0):
 garbage-first heap   total 115712K, used 88576K [0x0000000085600000, 0x0000000100000000)
  region size 1024K, 38 young (38912K), 5 survivors (5120K)
 Metaspace       used 28151K, committed 28544K, reserved 1114112K
  class space    used 3259K, committed 3456K, reserved 1048576K
}
Event: 8.293 GC heap after
{Heap after GC invocations=10 (full 0):
 garbage-first heap   total 115712K, used 69120K [0x0000000085600000, 0x0000000100000000)
  region size 1024K, 5 young (5120K), 5 survivors (5120K)
 Metaspace       used 28151K, committed 28544K, reserved 1114112K
  class space    used 3259K, committed 3456K, reserved 1048576K
}
Event: 8.343 GC heap before
{Heap before GC invocations=10 (full 0):
 garbage-first heap   total 115712K, used 72192K [0x0000000085600000, 0x0000000100000000)
  region size 1024K, 9 young (9216K), 5 survivors (5120K)
 Metaspace       used 28159K, committed 28608K, reserved 1114112K
  class space    used 3259K, committed 3456K, reserved 1048576K
}
Event: 8.348 GC heap after
{Heap after GC invocations=11 (full 0):
 garbage-first heap   total 115712K, used 71072K [0x0000000085600000, 0x0000000100000000)
  region size 1024K, 2 young (2048K), 2 survivors (2048K)
 Metaspace       used 28159K, committed 28608K, reserved 1114112K
  class space    used 3259K, committed 3456K, reserved 1048576K
}
Event: 8.495 GC heap before
{Heap before GC invocations=12 (full 0):
 garbage-first heap   total 122880K, used 85408K [0x0000000085600000, 0x0000000100000000)
  region size 1024K, 18 young (18432K), 2 survivors (2048K)
 Metaspace       used 28172K, committed 28608K, reserved 1114112K
  class space    used 3259K, committed 3456K, reserved 1048576K
}
Event: 8.501 GC heap after
{Heap after GC invocations=13 (full 0):
 garbage-first heap   total 122880K, used 75776K [0x0000000085600000, 0x0000000100000000)
  region size 1024K, 3 young (3072K), 3 survivors (3072K)
 Metaspace       used 28172K, committed 28608K, reserved 1114112K
  class space    used 3259K, committed 3456K, reserved 1048576K
}
Event: 8.520 GC heap before
{Heap before GC invocations=13 (full 0):
 garbage-first heap   total 122880K, used 78848K [0x0000000085600000, 0x0000000100000000)
  region size 1024K, 6 young (6144K), 3 survivors (3072K)
 Metaspace       used 28172K, committed 28608K, reserved 1114112K
  class space    used 3259K, committed 3456K, reserved 1048576K
}
Event: 8.526 GC heap after
{Heap after GC invocations=14 (full 0):
 garbage-first heap   total 253952K, used 64261K [0x0000000085600000, 0x0000000100000000)
  region size 1024K, 1 young (1024K), 1 survivors (1024K)
 Metaspace       used 28172K, committed 28608K, reserved 1114112K
  class space    used 3259K, committed 3456K, reserved 1048576K
}
Event: 8.631 GC heap before
{Heap before GC invocations=14 (full 0):
 garbage-first heap   total 253952K, used 75525K [0x0000000085600000, 0x0000000100000000)
  region size 1024K, 12 young (12288K), 1 survivors (1024K)
 Metaspace       used 28188K, committed 28608K, reserved 1114112K
  class space    used 3259K, committed 3456K, reserved 1048576K
}
Event: 8.636 GC heap after
{Heap after GC invocations=15 (full 0):
 garbage-first heap   total 253952K, used 63438K [0x0000000085600000, 0x0000000100000000)
  region size 1024K, 2 young (2048K), 2 survivors (2048K)
 Metaspace       used 28188K, committed 28608K, reserved 1114112K
  class space    used 3259K, committed 3456K, reserved 1048576K
}

Deoptimization events (20 events):
Event: 9.615 Thread 0x0000012ed16f23d0 Uncommon trap: trap_request=0xffffff45 fr.pc=0x0000012e87be60bc relative=0x00000000000004fc
Event: 9.615 Thread 0x0000012ed16f23d0 Uncommon trap: reason=unstable_if action=reinterpret pc=0x0000012e87be60bc method=java.lang.AbstractStringBuilder.putStringAt(ILjava/lang/String;II)V @ 8 c2
Event: 9.615 Thread 0x0000012ed16f23d0 DEOPT PACKING pc=0x0000012e87be60bc sp=0x00000015c9dff350
Event: 9.615 Thread 0x0000012ed16f23d0 DEOPT UNPACKING pc=0x0000012e875823a3 sp=0x00000015c9dff1d8 mode 2
Event: 9.615 Thread 0x0000012ed16f23d0 Uncommon trap: trap_request=0xffffff45 fr.pc=0x0000012e87cd3e60 relative=0x0000000000000520
Event: 9.615 Thread 0x0000012ed16f23d0 Uncommon trap: reason=unstable_if action=reinterpret pc=0x0000012e87cd3e60 method=java.lang.String.getBytes([BIIBI)V @ 6 c2
Event: 9.615 Thread 0x0000012ed16f23d0 DEOPT PACKING pc=0x0000012e87cd3e60 sp=0x00000015c9dff2e0
Event: 9.615 Thread 0x0000012ed16f23d0 DEOPT UNPACKING pc=0x0000012e875823a3 sp=0x00000015c9dff148 mode 2
Event: 9.615 Thread 0x0000012ed16f23d0 Uncommon trap: trap_request=0xffffff76 fr.pc=0x0000012e87d8c020 relative=0x0000000000001be0
Event: 9.615 Thread 0x0000012ed16f23d0 Uncommon trap: reason=predicate action=maybe_recompile pc=0x0000012e87d8c020 method=java.util.regex.Pattern.compile()V @ 78 c2
Event: 9.615 Thread 0x0000012ed16f23d0 DEOPT PACKING pc=0x0000012e87d8c020 sp=0x00000015c9dff350
Event: 9.616 Thread 0x0000012ed16f23d0 DEOPT UNPACKING pc=0x0000012e875823a3 sp=0x00000015c9dff330 mode 2
Event: 9.616 Thread 0x0000012ed16f23d0 Uncommon trap: trap_request=0xffffff45 fr.pc=0x0000012e87c43780 relative=0x0000000000000080
Event: 9.616 Thread 0x0000012ed16f23d0 Uncommon trap: reason=unstable_if action=reinterpret pc=0x0000012e87c43780 method=java.lang.String.codePointAt(I)I @ 4 c2
Event: 9.616 Thread 0x0000012ed16f23d0 DEOPT PACKING pc=0x0000012e87c43780 sp=0x00000015c9dff310
Event: 9.616 Thread 0x0000012ed16f23d0 DEOPT UNPACKING pc=0x0000012e875823a3 sp=0x00000015c9dff2b8 mode 2
Event: 9.616 Thread 0x0000012ed16f23d0 Uncommon trap: trap_request=0xffffffc6 fr.pc=0x0000012e87c7b004 relative=0x0000000000000264
Event: 9.616 Thread 0x0000012ed16f23d0 Uncommon trap: reason=bimorphic_or_optimized_type_check action=maybe_recompile pc=0x0000012e87c7b004 method=java.util.regex.Matcher.getTextLength()I @ 4 c2
Event: 9.616 Thread 0x0000012ed16f23d0 DEOPT PACKING pc=0x0000012e87c7b004 sp=0x00000015c9dff3c0
Event: 9.616 Thread 0x0000012ed16f23d0 DEOPT UNPACKING pc=0x0000012e875823a3 sp=0x00000015c9dff2f0 mode 2

Classes unloaded (0 events):
No events

Classes redefined (0 events):
No events

Internal exceptions (20 events):
Event: 8.649 Thread 0x0000012eeb0f6780 Exception <a 'sun/nio/fs/WindowsException'{0x00000000ffe0fc88}> (0x00000000ffe0fc88) 
thrown [s\open\src\hotspot\share\prims\jni.cpp, line 516]
Event: 8.649 Thread 0x0000012eeb0f6780 Exception <a 'sun/nio/fs/WindowsException'{0x00000000ffe1c280}> (0x00000000ffe1c280) 
thrown [s\open\src\hotspot\share\prims\jni.cpp, line 516]
Event: 8.649 Thread 0x0000012eeb0f6780 Exception <a 'sun/nio/fs/WindowsException'{0x00000000ffe1c628}> (0x00000000ffe1c628) 
thrown [s\open\src\hotspot\share\prims\jni.cpp, line 516]
Event: 8.650 Thread 0x0000012eeb0f6780 Exception <a 'sun/nio/fs/WindowsException'{0x00000000ffe48ec8}> (0x00000000ffe48ec8) 
thrown [s\open\src\hotspot\share\prims\jni.cpp, line 516]
Event: 8.650 Thread 0x0000012eeb0f6780 Exception <a 'sun/nio/fs/WindowsException'{0x00000000ffe492b8}> (0x00000000ffe492b8) 
thrown [s\open\src\hotspot\share\prims\jni.cpp, line 516]
Event: 8.663 Thread 0x0000012eeb0f6780 Exception <a 'sun/nio/fs/WindowsException'{0x00000000ffbef890}> (0x00000000ffbef890) 
thrown [s\open\src\hotspot\share\prims\jni.cpp, line 516]
Event: 8.663 Thread 0x0000012eeb0f6780 Exception <a 'sun/nio/fs/WindowsException'{0x00000000ffbf0028}> (0x00000000ffbf0028) 
thrown [s\open\src\hotspot\share\prims\jni.cpp, line 516]
Event: 8.663 Thread 0x0000012eeb0f6780 Exception <a 'sun/nio/fs/WindowsException'{0x00000000ffbf05e8}> (0x00000000ffbf05e8) 
thrown [s\open\src\hotspot\share\prims\jni.cpp, line 516]
Event: 8.663 Thread 0x0000012eeb0f6780 Exception <a 'sun/nio/fs/WindowsException'{0x00000000ffbf0d60}> (0x00000000ffbf0d60) 
thrown [s\open\src\hotspot\share\prims\jni.cpp, line 516]
Event: 8.663 Thread 0x0000012eeb0f6780 Exception <a 'sun/nio/fs/WindowsException'{0x00000000ffbf1108}> (0x00000000ffbf1108) 
thrown [s\open\src\hotspot\share\prims\jni.cpp, line 516]
Event: 8.663 Thread 0x0000012eeb0f6780 Exception <a 'sun/nio/fs/WindowsException'{0x00000000ffbf1de0}> (0x00000000ffbf1de0) 
thrown [s\open\src\hotspot\share\prims\jni.cpp, line 516]
Event: 8.663 Thread 0x0000012eeb0f6780 Exception <a 'sun/nio/fs/WindowsException'{0x00000000ffbf2130}> (0x00000000ffbf2130) 
thrown [s\open\src\hotspot\share\prims\jni.cpp, line 516]
Event: 8.663 Thread 0x0000012eeb0f6780 Exception <a 'sun/nio/fs/WindowsException'{0x00000000ffbf2df8}> (0x00000000ffbf2df8) 
thrown [s\open\src\hotspot\share\prims\jni.cpp, line 516]
Event: 9.136 Thread 0x0000012ed15f1d80 Exception <a 'java/lang/NoSuchMethodError'{0x0000000093206628}: 'java.lang.Object java.lang.invoke.DirectMethodHandle$Holder.invokeStaticInit(java.lang.Object, java.lang.Object, long, java.lang.Object)'> (0x0000000093206628) 
thrown [s\open\src\hotspot\share\interpreter\linkResolver.cpp, line 759]
Event: 9.137 Thread 0x0000012ed15f1d80 Exception <a 'java/lang/NoSuchMethodError'{0x000000009320ca88}: 'java.lang.Object java.lang.invoke.DirectMethodHandle$Holder.newInvokeSpecial(java.lang.Object, java.lang.Object, long)'> (0x000000009320ca88) 
thrown [s\open\src\hotspot\share\interpreter\linkResolver.cpp, line 759]
Event: 9.137 Thread 0x0000012ed15f1d80 Exception <a 'java/lang/NoSuchMethodError'{0x00000000932105f8}: 'java.lang.Object java.lang.invoke.Invokers$Holder.linkToTargetMethod(java.lang.Object, long, java.lang.Object)'> (0x00000000932105f8) 
thrown [s\open\src\hotspot\share\interpreter\linkResolver.cpp, line 759]
Event: 9.251 Thread 0x0000012eeb0f6780 Exception <a 'java/lang/NoSuchMethodError'{0x0000000093096470}: 'java.lang.Object java.lang.invoke.DirectMethodHandle$Holder.invokeStaticInit(java.lang.Object, java.lang.Object, int, int, int, int)'> (0x0000000093096470) 
thrown [s\open\src\hotspot\share\interpreter\linkResolver.cpp, line 759]
Event: 9.450 Thread 0x0000012eeb0f6780 Exception <a 'java/lang/NoSuchMethodError'{0x0000000092767a88}: 'java.lang.Object java.lang.invoke.DirectMethodHandle$Holder.invokeStaticInit(java.lang.Object, int)'> (0x0000000092767a88) 
thrown [s\open\src\hotspot\share\interpreter\linkResolver.cpp, line 759]
Event: 9.559 Thread 0x0000012eeb0f6780 Exception <a 'java/lang/NoSuchMethodError'{0x00000000922011b0}: 'void java.lang.invoke.DirectMethodHandle$Holder.invokeStatic(java.lang.Object, long)'> (0x00000000922011b0) 
thrown [s\open\src\hotspot\share\interpreter\linkResolver.cpp, line 759]
Event: 9.560 Thread 0x0000012eeb0f6780 Exception <a 'java/lang/NoSuchMethodError'{0x0000000092206800}: 'java.lang.Object java.lang.invoke.DirectMethodHandle$Holder.newInvokeSpecial(java.lang.Object, long)'> (0x0000000092206800) 
thrown [s\open\src\hotspot\share\interpreter\linkResolver.cpp, line 759]

VM Operations (20 events):
Event: 8.637 Executing VM operation: G1CollectForAllocation done
Event: 9.112 Executing VM operation: HandshakeAllThreads
Event: 9.112 Executing VM operation: HandshakeAllThreads done
Event: 9.113 Executing VM operation: HandshakeAllThreads
Event: 9.113 Executing VM operation: HandshakeAllThreads done
Event: 9.201 Executing VM operation: HandshakeAllThreads
Event: 9.201 Executing VM operation: HandshakeAllThreads done
Event: 9.479 Executing VM operation: HandshakeAllThreads
Event: 9.479 Executing VM operation: HandshakeAllThreads done
Event: 9.487 Executing VM operation: HandshakeAllThreads
Event: 9.487 Executing VM operation: HandshakeAllThreads done
Event: 9.508 Executing VM operation: HandshakeAllThreads
Event: 9.508 Executing VM operation: HandshakeAllThreads done
Event: 9.509 Executing VM operation: HandshakeAllThreads
Event: 9.509 Executing VM operation: HandshakeAllThreads done
Event: 9.562 Executing VM operation: HandshakeAllThreads
Event: 9.562 Executing VM operation: HandshakeAllThreads done
Event: 9.568 Executing VM operation: HandshakeAllThreads
Event: 9.568 Executing VM operation: HandshakeAllThreads done
Event: 10.577 Executing VM operation: Cleanup

Events (20 events):
Event: 9.548 loading class java/lang/ProcessImpl done
Event: 9.560 loading class java/lang/ProcessImpl$2
Event: 9.561 loading class java/lang/ProcessImpl$2 done
Event: 9.561 loading class java/lang/Process$PipeInputStream
Event: 9.561 loading class java/lang/Process$PipeInputStream done
Event: 9.562 loading class jdk/internal/event/ProcessStartEvent
Event: 9.563 loading class jdk/internal/event/ProcessStartEvent done
Event: 9.563 loading class java/nio/channels/ClosedChannelException
Event: 9.564 loading class java/nio/channels/ClosedChannelException done
Event: 9.568 loading class java/nio/channels/NonReadableChannelException
Event: 9.568 loading class java/nio/channels/NonReadableChannelException done
Event: 9.570 loading class java/nio/channels/NonWritableChannelException
Event: 9.570 loading class java/nio/channels/NonWritableChannelException done
Event: 9.599 Thread 0x0000012ed16f23d0 Thread added: 0x0000012ed16f23d0
Event: 9.599 Thread 0x0000012ed16f28a0 Thread added: 0x0000012ed16f28a0
Event: 9.601 loading class java/util/Scanner
Event: 9.607 loading class java/util/Scanner done
Event: 9.613 loading class java/util/Scanner$PatternLRUCache
Event: 9.614 loading class java/util/Scanner$PatternLRUCache done
Event: 9.617 Thread 0x0000012ed154ebd0 Thread added: 0x0000012ed154ebd0


Dynamic libraries:
0x00007ff7541f0000 - 0x00007ff754200000 	C:\Program Files\Java\jdk-17\bin\java.exe
0x00007ffc8e5c0000 - 0x00007ffc8e827000 	C:\WINDOWS\SYSTEM32\ntdll.dll
0x00007ffc8d130000 - 0x00007ffc8d1f9000 	C:\WINDOWS\System32\KERNEL32.DLL
0x00007ffc8b130000 - 0x00007ffc8b527000 	C:\WINDOWS\System32\KERNELBASE.dll
0x00007ffc8bdd0000 - 0x00007ffc8bf1b000 	C:\WINDOWS\System32\ucrtbase.dll
0x00007ffc672a0000 - 0x00007ffc672b9000 	C:\Program Files\Java\jdk-17\bin\jli.dll
0x00007ffc85a40000 - 0x00007ffc85a5b000 	C:\Program Files\Java\jdk-17\bin\VCRUNTIME140.dll
0x00007ffc8cfb0000 - 0x00007ffc8d066000 	C:\WINDOWS\System32\ADVAPI32.dll
0x00007ffc8c4e0000 - 0x00007ffc8c589000 	C:\WINDOWS\System32\msvcrt.dll
0x00007ffc8cb80000 - 0x00007ffc8cc27000 	C:\WINDOWS\System32\sechost.dll
0x00007ffc8c3c0000 - 0x00007ffc8c4d8000 	C:\WINDOWS\System32\RPCRT4.dll
0x00007ffc8c730000 - 0x00007ffc8c8f6000 	C:\WINDOWS\System32\USER32.dll
0x00007ffc66e50000 - 0x00007ffc670e2000 	C:\WINDOWS\WinSxS\amd64_microsoft.windows.common-controls_6595b64144ccf1df_6.0.26100.8457_none_3e0b2faee331e92d\COMCTL32.dll
0x00007ffc8b530000 - 0x00007ffc8b557000 	C:\WINDOWS\System32\win32u.dll
0x00007ffc8d870000 - 0x00007ffc8d89b000 	C:\WINDOWS\System32\GDI32.dll
0x00007ffc8c210000 - 0x00007ffc8c33c000 	C:\WINDOWS\System32\gdi32full.dll
0x00007ffc8bfe0000 - 0x00007ffc8c083000 	C:\WINDOWS\System32\msvcp_win.dll
0x00007ffc769b0000 - 0x00007ffc769bb000 	C:\WINDOWS\SYSTEM32\VERSION.dll
0x00007ffc8e540000 - 0x00007ffc8e572000 	C:\WINDOWS\System32\IMM32.DLL
0x00007ffc83970000 - 0x00007ffc8397c000 	C:\Program Files\Java\jdk-17\bin\vcruntime140_1.dll
0x00007ffc6abd0000 - 0x00007ffc6ac5e000 	C:\Program Files\Java\jdk-17\bin\msvcp140.dll
0x00007ffbe7b30000 - 0x00007ffbe870e000 	C:\Program Files\Java\jdk-17\bin\server\jvm.dll
0x00007ffc8cd30000 - 0x00007ffc8cd38000 	C:\WINDOWS\System32\PSAPI.DLL
0x00007ffc80be0000 - 0x00007ffc80c16000 	C:\WINDOWS\SYSTEM32\WINMM.dll
0x00007ffc5b9b0000 - 0x00007ffc5b9ba000 	C:\WINDOWS\SYSTEM32\WSOCK32.dll
0x00007ffc8cc30000 - 0x00007ffc8ccb0000 	C:\WINDOWS\System32\WS2_32.dll
0x00007ffc89d80000 - 0x00007ffc89d9b000 	C:\WINDOWS\SYSTEM32\kernel.appcore.dll
0x00007ffc83610000 - 0x00007ffc8361a000 	C:\Program Files\Java\jdk-17\bin\jimage.dll
0x00007ffc88d50000 - 0x00007ffc88f92000 	C:\WINDOWS\SYSTEM32\DBGHELP.DLL
0x00007ffc8d910000 - 0x00007ffc8dc93000 	C:\WINDOWS\System32\combase.dll
0x00007ffc8d690000 - 0x00007ffc8d769000 	C:\WINDOWS\System32\OLEAUT32.dll
0x00007ffc42f90000 - 0x00007ffc42fcb000 	C:\WINDOWS\SYSTEM32\dbgcore.DLL
0x00007ffc8aff0000 - 0x00007ffc8b098000 	C:\WINDOWS\System32\bcryptPrimitives.dll
0x00007ffc79080000 - 0x00007ffc790a5000 	C:\Program Files\Java\jdk-17\bin\java.dll
0x00007ffc6ac60000 - 0x00007ffc6ad37000 	C:\Program Files\Java\jdk-17\bin\jsvml.dll
0x00007ffc8dd50000 - 0x00007ffc8e4be000 	C:\WINDOWS\System32\SHELL32.dll
0x00007ffc8b560000 - 0x00007ffc8bdcc000 	C:\WINDOWS\System32\windows.storage.dll
0x00007ffc8c910000 - 0x00007ffc8ca06000 	C:\WINDOWS\System32\SHCORE.dll
0x00007ffc8ccc0000 - 0x00007ffc8cd26000 	C:\WINDOWS\System32\shlwapi.dll
0x00007ffc8af10000 - 0x00007ffc8af39000 	C:\WINDOWS\SYSTEM32\profapi.dll
0x00007ffc7e9d0000 - 0x00007ffc7e9e9000 	C:\Program Files\Java\jdk-17\bin\net.dll
0x00007ffc7f3a0000 - 0x00007ffc7f4c9000 	C:\WINDOWS\SYSTEM32\WINHTTP.dll
0x00007ffc8a2f0000 - 0x00007ffc8a35c000 	C:\WINDOWS\system32\mswsock.dll
0x00007ffc79060000 - 0x00007ffc79076000 	C:\Program Files\Java\jdk-17\bin\nio.dll
0x00007ffc78e90000 - 0x00007ffc78ea8000 	C:\Program Files\Java\jdk-17\bin\zip.dll
0x00007ffc67270000 - 0x00007ffc67294000 	C:\Users\digis\.m2\wrapper\dists\apache-maven-3.9.16\0daed3be3ebd1c706f0e69e8b07c6b73f5cc4ea3dfce72a8d0ec2e849ca2ddb0\lib\jansi-native\Windows\x86_64\jansi.dll
0x00007ffc83600000 - 0x00007ffc83610000 	C:\Program Files\Java\jdk-17\bin\verify.dll
0x00007ffc8a5d0000 - 0x00007ffc8a5eb000 	C:\WINDOWS\SYSTEM32\CRYPTSP.dll
0x00007ffc89ce0000 - 0x00007ffc89d19000 	C:\WINDOWS\system32\rsaenh.dll
0x00007ffc8a3a0000 - 0x00007ffc8a3d3000 	C:\WINDOWS\SYSTEM32\USERENV.dll
0x00007ffc8aee0000 - 0x00007ffc8af0a000 	C:\WINDOWS\SYSTEM32\bcrypt.dll
0x00007ffc8a5f0000 - 0x00007ffc8a5fc000 	C:\WINDOWS\SYSTEM32\CRYPTBASE.dll
0x00007ffc897f0000 - 0x00007ffc89822000 	C:\WINDOWS\SYSTEM32\IPHLPAPI.DLL
0x00007ffc8cb70000 - 0x00007ffc8cb7a000 	C:\WINDOWS\System32\NSI.dll
0x00007ffc823f0000 - 0x00007ffc8240d000 	C:\WINDOWS\SYSTEM32\dhcpcsvc6.DLL
0x00007ffc823c0000 - 0x00007ffc823e5000 	C:\WINDOWS\SYSTEM32\dhcpcsvc.DLL
0x00007ffc89830000 - 0x00007ffc89962000 	C:\WINDOWS\SYSTEM32\DNSAPI.dll

dbghelp: loaded successfully - version: 4.0.5 - missing functions: none
symbol engine: initialized successfully - sym options: 0x614 - pdb path: .;C:\Program Files\Java\jdk-17\bin;C:\WINDOWS\SYSTEM32;C:\WINDOWS\WinSxS\amd64_microsoft.windows.common-controls_6595b64144ccf1df_6.0.26100.8457_none_3e0b2faee331e92d;C:\Program Files\Java\jdk-17\bin\server;C:\Users\digis\.m2\wrapper\dists\apache-maven-3.9.16\0daed3be3ebd1c706f0e69e8b07c6b73f5cc4ea3dfce72a8d0ec2e849ca2ddb0\lib\jansi-native\Windows\x86_64

VM Arguments:
jvm_args: --enable-native-access=ALL-UNNAMED -Dclassworlds.conf=C:\Users\digis\.m2\wrapper\dists\apache-maven-3.9.16\0daed3be3ebd1c706f0e69e8b07c6b73f5cc4ea3dfce72a8d0ec2e849ca2ddb0\bin\m2.conf -Dmaven.home=C:\Users\digis\.m2\wrapper\dists\apache-maven-3.9.16\0daed3be3ebd1c706f0e69e8b07c6b73f5cc4ea3dfce72a8d0ec2e849ca2ddb0 -Dlibrary.jansi.path=C:\Users\digis\.m2\wrapper\dists\apache-maven-3.9.16\0daed3be3ebd1c706f0e69e8b07c6b73f5cc4ea3dfce72a8d0ec2e849ca2ddb0\lib\jansi-native -Dmaven.multiModuleProjectDirectory=C:\Users\digis\OneDrive\Escritorio\Downloads\crudPrueba\crudPrueba 
java_command: org.codehaus.plexus.classworlds.launcher.Launcher -Dmaven.ext.class.path=C:\Program Files\NetBeans-18\netbeans\java\maven-nblib\netbeans-eventspy.jar -Dfile.encoding=UTF-8 --no-transfer-progress clean install
java_class_path (initial): C:\Users\digis\.m2\wrapper\dists\apache-maven-3.9.16\0daed3be3ebd1c706f0e69e8b07c6b73f5cc4ea3dfce72a8d0ec2e849ca2ddb0\boot\plexus-classworlds-2.11.0.jar
Launcher Type: SUN_STANDARD

[Global flags]
     intx CICompilerCount                          = 4                                         {product} {ergonomic}
     uint ConcGCThreads                            = 2                                         {product} {ergonomic}
     uint G1ConcRefinementThreads                  = 8                                         {product} {ergonomic}
   size_t G1HeapRegionSize                         = 1048576                                   {product} {ergonomic}
    uintx GCDrainStackTargetSize                   = 64                                        {product} {ergonomic}
   size_t InitialHeapSize                          = 130023424                                 {product} {ergonomic}
   size_t MarkStackSize                            = 4194304                                   {product} {ergonomic}
   size_t MaxHeapSize                              = 2057306112                                {product} {ergonomic}
   size_t MaxNewSize                               = 1234173952                                {product} {ergonomic}
   size_t MinHeapDeltaBytes                        = 1048576                                   {product} {ergonomic}
   size_t MinHeapSize                              = 8388608                                   {product} {ergonomic}
    uintx NonNMethodCodeHeapSize                   = 5839372                                {pd product} {ergonomic}
    uintx NonProfiledCodeHeapSize                  = 122909434                              {pd product} {ergonomic}
    uintx ProfiledCodeHeapSize                     = 122909434                              {pd product} {ergonomic}
    uintx ReservedCodeCacheSize                    = 251658240                              {pd product} {ergonomic}
     bool SegmentedCodeCache                       = true                                      {product} {ergonomic}
   size_t SoftMaxHeapSize                          = 2057306112                             {manageable} {ergonomic}
     bool UseCompressedClassPointers               = true                           {product lp64_product} {ergonomic}
     bool UseCompressedOops                        = true                           {product lp64_product} {ergonomic}
     bool UseG1GC                                  = true                                      {product} {ergonomic}
     bool UseLargePagesIndividualAllocation        = false                                  {pd product} {ergonomic}

Logging:
Log output configuration:
 #0: stdout all=warning uptime,level,tags
 #1: stderr all=off uptime,level,tags

Environment Variables:
JAVA_HOME=C:\Program Files\Java\jdk-17
PATH=C:\Oracle-installer\WINDOWS.X64_193000_db_home\bin;C:\Program Files\Common Files\Oracle\Java\javapath;C:\WINDOWS\system32;C:\WINDOWS;C:\WINDOWS\System32\Wbem;C:\WINDOWS\System32\WindowsPowerShell\v1.0\;C:\WINDOWS\System32\OpenSSH\;C:\Program Files\Microsoft SQL Server\150\Tools\Binn\;C:\Program Files\Microsoft SQL Server\Client SDK\ODBC\170\Tools\Binn\;C:\Program Files\dotnet\;C:\Program Files\Git\cmd;C:\Program Files\Microsoft SQL Server\110\DTS\Binn\;C:\Program Files (x86)\Microsoft SQL Server\110\Tools\Binn\;C:\Program Files\Microsoft SQL Server\110\Tools\Binn\;C:\Program Files (x86)\Microsoft SQL Server\110\Tools\Binn\ManagementStudio\;C:\Program Files (x86)\Microsoft Visual Studio 10.0\Common7\IDE\PrivateAssemblies\;C:\Program Files (x86)\Microsoft SQL Server\110\DTS\Binn\;C:\Program Files\nodejs\;C:\Users\digis\AppData\Local\Microsoft\WindowsApps;C:\Users\digis\.dotnet\tools;C:\Users\digis\AppData\Local\Programs\Microsoft VS Code\bin;C:\Users\digis\AppData\Roaming\npm
USERNAME=Alien 10
OS=Windows_NT
PROCESSOR_IDENTIFIER=Intel64 Family 6 Model 190 Stepping 0, GenuineIntel



---------------  S Y S T E M  ---------------

OS:
 Windows 11 , 64 bit Build 26100 (10.0.26100.8328)
OS uptime: 0 days 1:22 hours
Hyper-V role detected

CPU: total 8 (initial active 8) (8 cores per cpu, 1 threads per core) family 6 model 190 stepping 0 microcode 0x15, cx8, cmov, fxsr, mmx, 3dnowpref, sse, sse2, sse3, ssse3, sse4.1, sse4.2, popcnt, lzcnt, tsc, tscinvbit, avx, avx2, aes, erms, clmul, bmi1, bmi2, adx, sha, fma, vzeroupper, clflush, clflushopt, clwb, hv

Memory: 4k page, system-wide physical 7845M (557M free)
TotalPageFile size 20133M (AvailPageFile size 26M)
current process WorkingSet (physical memory assigned to process): 293M, peak: 312M
current process commit charge ("private bytes"): 420M, peak: 441M

vm_info: Java HotSpot(TM) 64-Bit Server VM (17.0.8+9-LTS-211) for windows-amd64 JRE (17.0.8+9-LTS-211), built on Jun 14 2023 10:34:31 by "mach5one" with MS VC++ 17.1 (VS2022)

END.
